<html>
<body>
<pre>
<h1>礦ision Build Log</h1>
<h2>Tool Versions:</h2>
IDE-Version: μVision V5.37.0.0
Copyright (C) 2022 ARM Ltd and ARM Germany GmbH. All rights reserved.
License Information: Chan cl6802063414@outlook.com, QUST, LIC=0YKNJ-DAD32-HB6EC-K4S9M-LP21Y-W4ZVP
 
Tool Versions:
Toolchain:       MDK-ARM Community  Version: 5.37.0.0
Toolchain Path:  D:\Keil_v5\ARM\AC506u7\Bin
C Compiler:      Armcc.exe V5.06 update 7 (build 960)
Assembler:       Armasm.exe V5.06 update 7 (build 960)
Linker/Locator:  ArmLink.exe V5.06 update 7 (build 960)
Library Manager: ArmAr.exe V5.06 update 7 (build 960)
Hex Converter:   FromElf.exe V5.06 update 7 (build 960)
CPU DLL:         SARMCM3.DLL V5.37.0.0
Dialog DLL:      DCM.DLL V1.17.5.0
Target DLL:      STLink\ST-LINKIII-KEIL_SWO.dll V3.0.9.0
Dialog DLL:      TCM.DLL V1.56.1.0
 
<h2>Project:</h2>
C:\Users\cl680\Desktop\实验14 待机唤醒实验\USER\ATK_WKUP.uvprojx
Project File Date:  12/01/2023

<h2>Output:</h2>
*** Using Compiler 'V5.06 update 7 (build 960)', folder: 'D:\Keil_v5\ARM\AC506u7\Bin'
Rebuild target 'ATK_WKUP'
assembling startup_stm32l475xx.s...
compiling stm32l4xx_hal_usart_ex.c...
compiling stm32l4xx_hal_uart.c...
compiling stm32l4xx_hal_usart.c...
compiling stm32l4xx_hal_uart_ex.c...
compiling stm32l4xx_hal_dma_ex.c...
compiling stm32l4xx_hal_pwr.c...
compiling main.c...
compiling stm32l4xx_hal.c...
compiling stm32l4xx_it.c...
compiling stm32l4xx_hal_gpio.c...
compiling stm32l4xx_hal_rcc.c...
compiling stm32l4xx_hal_cortex.c...
compiling stm32l4xx_hal_dma.c...
compiling system_stm32l4xx.c...
compiling stm32l4xx_hal_pwr_ex.c...
compiling stm32l4xx_hal_rcc_ex.c...
compiling usart.c...
compiling key.c...
compiling led.c...
compiling sys.c...
compiling delay.c...
compiling stm32l4xx_hal_spi_ex.c...
compiling lcd.c...
compiling stm32l4xx_hal_spi.c...
compiling timer.c...
compiling rng.c...
compiling wkup.c...
compiling stm32l4xx_hal_rng.c...
compiling stm32l4xx_hal_tim.c...
compiling beep.c...
compiling spi3.c...
compiling stm32l4xx_hal_tim_ex.c...
compiling usmart.c...
compiling usmart_config.c...
compiling usmart_str.c...
linking...
Program Size: Code=16232 RO-data=59912 RW-data=400 ZI-data=3368  
FromELF: creating hex file...
"..\OBJ\ATK_WKUP.axf" - 0 Error(s), 0 Warning(s).

<h2>Software Packages used:</h2>

Package Vendor: Keil
                https://www.keil.com/pack/Keil.STM32L4xx_DFP.2.6.2.pack
                Keil.STM32L4xx_DFP.2.6.2
                STMicroelectronics STM32L4 Series Device Support, Drivers and Examples

<h2>Collection of Component include folders:</h2>
  D:/Keil_v5/Keil_v5 Packs/Keil/STM32L4xx_DFP/2.6.2/Drivers/CMSIS/Device/ST/STM32L4xx/Include

<h2>Collection of Component Files used:</h2>
Build Time Elapsed:  00:00:40
</pre>
</body>
</html>
