Component: ARM Compiler 5.06 update 7 (build 960) Tool: armlink [4d3601]

==============================================================================

Section Cross References

    main.o(i.main) refers to stm32l4xx_hal.o(i.HAL_Init) for HAL_Init
    main.o(i.main) refers to sys.o(i.SystemClock_Config) for SystemClock_Config
    main.o(i.main) refers to delay.o(i.delay_init) for delay_init
    main.o(i.main) refers to usart.o(i.uart_init) for uart_init
    main.o(i.main) refers to led.o(i.LED_Init) for LED_Init
    main.o(i.main) refers to wkup.o(i.WKUP_Init) for WKUP_Init
    main.o(i.main) refers to lcd.o(i.LCD_Init) for LCD_Init
    main.o(i.main) refers to lcd.o(i.Display_ALIENTEK_LOGO) for Display_ALIENTEK_LOGO
    main.o(i.main) refers to lcd.o(i.LCD_ShowString) for LCD_ShowString
    main.o(i.main) refers to stm32l4xx_hal_gpio.o(i.HAL_GPIO_TogglePin) for HAL_GPIO_TogglePin
    main.o(i.main) refers to delay.o(i.delay_ms) for delay_ms
    main.o(i.main) refers to lcd.o(.data) for POINT_COLOR
    stm32l4xx_it.o(i.SysTick_Handler) refers to stm32l4xx_hal.o(i.HAL_IncTick) for HAL_IncTick
    system_stm32l4xx.o(i.SystemCoreClockUpdate) refers to system_stm32l4xx.o(.constdata) for .constdata
    system_stm32l4xx.o(i.SystemCoreClockUpdate) refers to system_stm32l4xx.o(.data) for .data
    startup_stm32l475xx.o(STACK) refers (Special) to heapauxi.o(.text) for __use_two_region_memory
    startup_stm32l475xx.o(HEAP) refers (Special) to heapauxi.o(.text) for __use_two_region_memory
    startup_stm32l475xx.o(RESET) refers (Special) to heapauxi.o(.text) for __use_two_region_memory
    startup_stm32l475xx.o(RESET) refers to startup_stm32l475xx.o(STACK) for __initial_sp
    startup_stm32l475xx.o(RESET) refers to startup_stm32l475xx.o(.text) for Reset_Handler
    startup_stm32l475xx.o(RESET) refers to stm32l4xx_it.o(i.NMI_Handler) for NMI_Handler
    startup_stm32l475xx.o(RESET) refers to stm32l4xx_it.o(i.HardFault_Handler) for HardFault_Handler
    startup_stm32l475xx.o(RESET) refers to stm32l4xx_it.o(i.MemManage_Handler) for MemManage_Handler
    startup_stm32l475xx.o(RESET) refers to stm32l4xx_it.o(i.BusFault_Handler) for BusFault_Handler
    startup_stm32l475xx.o(RESET) refers to stm32l4xx_it.o(i.UsageFault_Handler) for UsageFault_Handler
    startup_stm32l475xx.o(RESET) refers to stm32l4xx_it.o(i.SVC_Handler) for SVC_Handler
    startup_stm32l475xx.o(RESET) refers to stm32l4xx_it.o(i.DebugMon_Handler) for DebugMon_Handler
    startup_stm32l475xx.o(RESET) refers to stm32l4xx_it.o(i.PendSV_Handler) for PendSV_Handler
    startup_stm32l475xx.o(RESET) refers to stm32l4xx_it.o(i.SysTick_Handler) for SysTick_Handler
    startup_stm32l475xx.o(RESET) refers to timer.o(i.TIM3_IRQHandler) for TIM3_IRQHandler
    startup_stm32l475xx.o(RESET) refers to usmart.o(i.TIM4_IRQHandler) for TIM4_IRQHandler
    startup_stm32l475xx.o(RESET) refers to usart.o(i.USART1_IRQHandler) for USART1_IRQHandler
    startup_stm32l475xx.o(RESET) refers to wkup.o(i.EXTI15_10_IRQHandler) for EXTI15_10_IRQHandler
    startup_stm32l475xx.o(.text) refers (Special) to heapauxi.o(.text) for __use_two_region_memory
    startup_stm32l475xx.o(.text) refers to system_stm32l4xx.o(i.SystemInit) for SystemInit
    startup_stm32l475xx.o(.text) refers to __main.o(!!!main) for __main
    startup_stm32l475xx.o(.text) refers to startup_stm32l475xx.o(HEAP) for Heap_Mem
    startup_stm32l475xx.o(.text) refers to startup_stm32l475xx.o(STACK) for Stack_Mem
    stm32l4xx_hal.o(i.HAL_DeInit) refers to stm32l4xx_hal.o(i.HAL_MspDeInit) for HAL_MspDeInit
    stm32l4xx_hal.o(i.HAL_Delay) refers to stm32l4xx_hal.o(i.HAL_GetTick) for HAL_GetTick
    stm32l4xx_hal.o(i.HAL_GetTick) refers to stm32l4xx_hal.o(.data) for .data
    stm32l4xx_hal.o(i.HAL_IncTick) refers to stm32l4xx_hal.o(.data) for .data
    stm32l4xx_hal.o(i.HAL_Init) refers to stm32l4xx_hal_cortex.o(i.HAL_NVIC_SetPriorityGrouping) for HAL_NVIC_SetPriorityGrouping
    stm32l4xx_hal.o(i.HAL_Init) refers to stm32l4xx_hal.o(i.HAL_InitTick) for HAL_InitTick
    stm32l4xx_hal.o(i.HAL_Init) refers to stm32l4xx_hal.o(i.HAL_MspInit) for HAL_MspInit
    stm32l4xx_hal.o(i.HAL_InitTick) refers to stm32l4xx_hal_cortex.o(i.HAL_SYSTICK_Config) for HAL_SYSTICK_Config
    stm32l4xx_hal.o(i.HAL_InitTick) refers to stm32l4xx_hal_cortex.o(i.HAL_NVIC_SetPriority) for HAL_NVIC_SetPriority
    stm32l4xx_hal.o(i.HAL_InitTick) refers to system_stm32l4xx.o(.data) for SystemCoreClock
    stm32l4xx_hal.o(i.HAL_SYSCFG_EnableVREFBUF) refers to stm32l4xx_hal.o(i.HAL_GetTick) for HAL_GetTick
    stm32l4xx_hal_cortex.o(i.HAL_NVIC_SetPriority) refers to stm32l4xx_hal_cortex.o(i.NVIC_SetPriority) for NVIC_SetPriority
    stm32l4xx_hal_cortex.o(i.HAL_SYSTICK_Config) refers to stm32l4xx_hal_cortex.o(i.NVIC_SetPriority) for NVIC_SetPriority
    stm32l4xx_hal_cortex.o(i.HAL_SYSTICK_IRQHandler) refers to stm32l4xx_hal_cortex.o(i.HAL_SYSTICK_Callback) for HAL_SYSTICK_Callback
[...]
    .ARM.Collect$$rtentry$$0000000D          0x08000274   Section        8  __rtentry2.o(.ARM.Collect$$rtentry$$0000000D)
    .ARM.Collect$$rtexit$$00000000           0x0800027c   Section        2  rtexit.o(.ARM.Collect$$rtexit$$00000000)
    .ARM.Collect$$rtexit$$00000002           0x0800027e   Section        0  rtexit2.o(.ARM.Collect$$rtexit$$00000002)
    .ARM.Collect$$rtexit$$00000003           0x0800027e   Section        4  rtexit2.o(.ARM.Collect$$rtexit$$00000003)
    .ARM.Collect$$rtexit$$00000004           0x08000282   Section        6  rtexit2.o(.ARM.Collect$$rtexit$$00000004)
    .text                                    0x08000288   Section       64  startup_stm32l475xx.o(.text)
    $v0                                      0x08000288   Number         0  startup_stm32l475xx.o(.text)
    .text                                    0x080002c8   Section        2  use_no_semi_2.o(.text)
    .text                                    0x080002ca   Section      238  lludivv7m.o(.text)
    .text                                    0x080003b8   Section        0  noretval__2printf.o(.text)
    .text                                    0x080003d0   Section        0  _printf_pad.o(.text)
    .text                                    0x0800041e   Section        0  _printf_str.o(.text)
    .text                                    0x08000470   Section        0  _printf_dec.o(.text)
    .text                                    0x080004e8   Section        0  _printf_hex_int.o(.text)
    .text                                    0x08000540   Section        0  __printf_flags_ss_wp.o(.text)
    .text                                    0x080006ce   Section        0  heapauxi.o(.text)
    .text                                    0x080006d4   Section        2  use_no_semi.o(.text)
    .text                                    0x080006d6   Section        0  _printf_intcommon.o(.text)
    .text                                    0x08000788   Section        0  _printf_char.o(.text)
    .text                                    0x080007b4   Section        0  _printf_char_file.o(.text)
    .text                                    0x080007d8   Section        0  _printf_char_common.o(.text)
    _printf_input_char                       0x080007d9   Thumb Code    10  _printf_char_common.o(.text)
    .text                                    0x08000808   Section        0  ferror.o(.text)
    .text                                    0x08000810   Section       74  sys_stackheap_outer.o(.text)
    .text                                    0x0800085a   Section        0  exit.o(.text)
    .text                                    0x0800086c   Section        8  libspace.o(.text)
    i.BusFault_Handler                       0x08000874   Section        0  stm32l4xx_it.o(i.BusFault_Handler)
    i.Check_WKUP                             0x08000878   Section        0  wkup.o(i.Check_WKUP)
    i.DebugMon_Handler                       0x080008e4   Section        0  stm32l4xx_it.o(i.DebugMon_Handler)
    i.Display_ALIENTEK_LOGO                  0x080008e8   Section        0  lcd.o(i.Display_ALIENTEK_LOGO)
    i.EXTI15_10_IRQHandler                   0x080008fc   Section        0  wkup.o(i.EXTI15_10_IRQHandler)
    i.HAL_DMA_Abort_IT                       0x08000904   Section        0  stm32l4xx_hal_dma.o(i.HAL_DMA_Abort_IT)
    i.HAL_GPIO_EXTI_Callback                 0x08000952   Section        0  wkup.o(i.HAL_GPIO_EXTI_Callback)
    i.HAL_GPIO_EXTI_IRQHandler               0x0800096c   Section        0  stm32l4xx_hal_gpio.o(i.HAL_GPIO_EXTI_IRQHandler)
    i.HAL_GPIO_Init                          0x08000984   Section        0  stm32l4xx_hal_gpio.o(i.HAL_GPIO_Init)
    i.HAL_GPIO_ReadPin                       0x08000b56   Section        0  stm32l4xx_hal_gpio.o(i.HAL_GPIO_ReadPin)
    i.HAL_GPIO_TogglePin                     0x08000b60   Section        0  stm32l4xx_hal_gpio.o(i.HAL_GPIO_TogglePin)
    i.HAL_GPIO_WritePin                      0x08000b68   Section        0  stm32l4xx_hal_gpio.o(i.HAL_GPIO_WritePin)
    i.HAL_GetTick                            0x08000b74   Section        0  stm32l4xx_hal.o(i.HAL_GetTick)
    i.HAL_IncTick                            0x08000b80   Section        0  stm32l4xx_hal.o(i.HAL_IncTick)
    i.HAL_Init                               0x08000b90   Section        0  stm32l4xx_hal.o(i.HAL_Init)
    i.HAL_InitTick                           0x08000bb0   Section        0  stm32l4xx_hal.o(i.HAL_InitTick)
    i.HAL_MspInit                            0x08000be0   Section        0  stm32l4xx_hal.o(i.HAL_MspInit)
    i.HAL_NVIC_EnableIRQ                     0x08000be2   Section        0  stm32l4xx_hal_cortex.o(i.HAL_NVIC_EnableIRQ)
    i.HAL_NVIC_SetPriority                   0x08000bf8   Section        0  stm32l4xx_hal_cortex.o(i.HAL_NVIC_SetPriority)
    i.HAL_NVIC_SetPriorityGrouping           0x08000c38   Section        0  stm32l4xx_hal_cortex.o(i.HAL_NVIC_SetPriorityGrouping)
    i.HAL_PWREx_ControlVoltageScaling        0x08000c5c   Section        0  stm32l4xx_hal_pwr_ex.o(i.HAL_PWREx_ControlVoltageScaling)
    i.HAL_PWREx_EnableGPIOPullDown           0x08000cc4   Section        0  stm32l4xx_hal_pwr_ex.o(i.HAL_PWREx_EnableGPIOPullDown)
    i.HAL_PWREx_EnablePullUpPullDownConfig   0x08000d64   Section        0  stm32l4xx_hal_pwr_ex.o(i.HAL_PWREx_EnablePullUpPullDownConfig)
    i.HAL_PWREx_GetVoltageRange              0x08000d74   Section        0  stm32l4xx_hal_pwr_ex.o(i.HAL_PWREx_GetVoltageRange)
    i.HAL_PWR_EnableBkUpAccess               0x08000d84   Section        0  stm32l4xx_hal_pwr.o(i.HAL_PWR_EnableBkUpAccess)
    i.HAL_PWR_EnableWakeUpPin                0x08000d94   Section        0  stm32l4xx_hal_pwr.o(i.HAL_PWR_EnableWakeUpPin)
    i.HAL_PWR_EnterSTANDBYMode               0x08000db0   Section        0  stm32l4xx_hal_pwr.o(i.HAL_PWR_EnterSTANDBYMode)
    i.HAL_RCC_ClockConfig                    0x08000dd4   Section        0  stm32l4xx_hal_rcc.o(i.HAL_RCC_ClockConfig)
    i.HAL_RCC_GetPCLK1Freq                   0x08000ef8   Section        0  stm32l4xx_hal_rcc.o(i.HAL_RCC_GetPCLK1Freq)
    i.HAL_RCC_GetPCLK2Freq                   0x08000f1c   Section        0  stm32l4xx_hal_rcc.o(i.HAL_RCC_GetPCLK2Freq)
    i.HAL_RCC_GetSysClockFreq                0x08000f40   Section        0  stm32l4xx_hal_rcc.o(i.HAL_RCC_GetSysClockFreq)
    i.HAL_RCC_OscConfig                      0x08000fe8   Section        0  stm32l4xx_hal_rcc.o(i.HAL_RCC_OscConfig)
    i.HAL_SPI_Init                           0x0800143c   Section        0  stm32l4xx_hal_spi.o(i.HAL_SPI_Init)
    i.HAL_SPI_MspInit                        0x080014e8   Section        0  spi3.o(i.HAL_SPI_MspInit)
    i.HAL_SPI_Transmit                       0x08001538   Section        0  stm32l4xx_hal_spi.o(i.HAL_SPI_Transmit)
    i.HAL_SYSTICK_CLKSourceConfig            0x080016c0   Section        0  stm32l4xx_hal_cortex.o(i.HAL_SYSTICK_CLKSourceConfig)
    i.HAL_SYSTICK_Config                     0x080016d8   Section        0  stm32l4xx_hal_cortex.o(i.HAL_SYSTICK_Config)
    i.HAL_TIMEx_Break2Callback               0x08001700   Section        0  stm32l4xx_hal_tim_ex.o(i.HAL_TIMEx_Break2Callback)
    i.HAL_TIMEx_BreakCallback                0x08001702   Section        0  stm32l4xx_hal_tim_ex.o(i.HAL_TIMEx_BreakCallback)
    i.HAL_TIMEx_CommutationCallback          0x08001704   Section        0  stm32l4xx_hal_tim_ex.o(i.HAL_TIMEx_CommutationCallback)
    i.HAL_TIM_Base_Init                      0x08001706   Section        0  stm32l4xx_hal_tim.o(i.HAL_TIM_Base_Init)
    i.HAL_TIM_Base_MspInit                   0x0800173c   Section        0  timer.o(i.HAL_TIM_Base_MspInit)
    i.HAL_TIM_Base_Start_IT                  0x08001778   Section        0  stm32l4xx_hal_tim.o(i.HAL_TIM_Base_Start_IT)
    i.HAL_TIM_IC_CaptureCallback             0x080017a8   Section        0  stm32l4xx_hal_tim.o(i.HAL_TIM_IC_CaptureCallback)
    i.HAL_TIM_IRQHandler                     0x080017aa   Section        0  stm32l4xx_hal_tim.o(i.HAL_TIM_IRQHandler)
    i.HAL_TIM_OC_DelayElapsedCallback        0x0800192e   Section        0  stm32l4xx_hal_tim.o(i.HAL_TIM_OC_DelayElapsedCallback)
    i.HAL_TIM_PWM_PulseFinishedCallback      0x08001930   Section        0  stm32l4xx_hal_tim.o(i.HAL_TIM_PWM_PulseFinishedCallback)
    i.HAL_TIM_PeriodElapsedCallback          0x08001934   Section        0  timer.o(i.HAL_TIM_PeriodElapsedCallback)
    i.HAL_TIM_TriggerCallback                0x08001950   Section        0  stm32l4xx_hal_tim.o(i.HAL_TIM_TriggerCallback)
    i.HAL_UARTEx_WakeupCallback              0x08001952   Section        0  stm32l4xx_hal_uart_ex.o(i.HAL_UARTEx_WakeupCallback)
    i.HAL_UART_ErrorCallback                 0x08001954   Section        0  stm32l4xx_hal_uart.o(i.HAL_UART_ErrorCallback)
    i.HAL_UART_IRQHandler                    0x08001958   Section        0  stm32l4xx_hal_uart.o(i.HAL_UART_IRQHandler)
    i.HAL_UART_Init                          0x08001a9c   Section        0  stm32l4xx_hal_uart.o(i.HAL_UART_Init)
    i.HAL_UART_MspInit                       0x08001b08   Section        0  usart.o(i.HAL_UART_MspInit)
    i.HAL_UART_Receive                       0x08001b70   Section        0  stm32l4xx_hal_uart.o(i.HAL_UART_Receive)
    i.HAL_UART_TxCpltCallback                0x08001c5e   Section        0  stm32l4xx_hal_uart.o(i.HAL_UART_TxCpltCallback)
    i.HardFault_Handler                      0x08001c60   Section        0  stm32l4xx_it.o(i.HardFault_Handler)
    i.LCD_Address_Set                        0x08001c62   Section        0  lcd.o(i.LCD_Address_Set)
    i.LCD_Clear                              0x08001cb4   Section        0  lcd.o(i.LCD_Clear)
    i.LCD_DrawLine                           0x08001d0c   Section        0  lcd.o(i.LCD_DrawLine)
    i.LCD_DrawRectangle                      0x08001e00   Section        0  lcd.o(i.LCD_DrawRectangle)
    i.LCD_Draw_Circle                        0x08001e3a   Section        0  lcd.o(i.LCD_Draw_Circle)
    i.LCD_Draw_Point                         0x08001f0c   Section        0  lcd.o(i.LCD_Draw_Point)
    i.LCD_Fill                               0x08001f28   Section        0  lcd.o(i.LCD_Fill)
    i.LCD_Gpio_Init                          0x08001fa8   Section        0  lcd.o(i.LCD_Gpio_Init)
    LCD_Gpio_Init                            0x08001fa9   Thumb Code   150  lcd.o(i.LCD_Gpio_Init)
    i.LCD_Init                               0x0800204c   Section        0  lcd.o(i.LCD_Init)
    i.LCD_Pow                                0x080021ec   Section        0  lcd.o(i.LCD_Pow)
    LCD_Pow                                  0x080021ed   Thumb Code    16  lcd.o(i.LCD_Pow)
    i.LCD_SPI_Send                           0x080021fc   Section        0  lcd.o(i.LCD_SPI_Send)
    LCD_SPI_Send                             0x080021fd   Thumb Code    62  lcd.o(i.LCD_SPI_Send)
    i.LCD_ShowChar                           0x0800223c   Section        0  lcd.o(i.LCD_ShowChar)
    i.LCD_ShowNum                            0x0800237e   Section        0  lcd.o(i.LCD_ShowNum)
    i.LCD_ShowString                         0x080023ee   Section        0  lcd.o(i.LCD_ShowString)
    i.LCD_Show_Image                         0x0800243c   Section        0  lcd.o(i.LCD_Show_Image)
    i.LCD_ShowxNum                           0x08002484   Section        0  lcd.o(i.LCD_ShowxNum)
    i.LCD_Write_Cmd                          0x08002504   Section        0  lcd.o(i.LCD_Write_Cmd)
    LCD_Write_Cmd                            0x08002505   Thumb Code    22  lcd.o(i.LCD_Write_Cmd)
    i.LCD_Write_Data                         0x08002520   Section        0  lcd.o(i.LCD_Write_Data)
    LCD_Write_Data                           0x08002521   Thumb Code    22  lcd.o(i.LCD_Write_Data)
    i.LCD_Write_HalfWord                     0x0800253c   Section        0  lcd.o(i.LCD_Write_HalfWord)
    i.LED_Init                               0x08002564   Section        0  led.o(i.LED_Init)
    i.MemManage_Handler                      0x080025ac   Section        0  stm32l4xx_it.o(i.MemManage_Handler)
    i.NMI_Handler                            0x080025ae   Section        0  stm32l4xx_it.o(i.NMI_Handler)
    i.NVIC_SetPriority                       0x080025b0   Section        0  stm32l4xx_hal_cortex.o(i.NVIC_SetPriority)
    NVIC_SetPriority                         0x080025b1   Thumb Code    32  stm32l4xx_hal_cortex.o(i.NVIC_SetPriority)
    i.PendSV_Handler                         0x080025d0   Section        0  stm32l4xx_it.o(i.PendSV_Handler)
    i.RCC_SetFlashLatencyFromMSIRange        0x080025d4   Section        0  stm32l4xx_hal_rcc.o(i.RCC_SetFlashLatencyFromMSIRange)
    RCC_SetFlashLatencyFromMSIRange          0x080025d5   Thumb Code   116  stm32l4xx_hal_rcc.o(i.RCC_SetFlashLatencyFromMSIRange)
    i.SPI3_Init                              0x08002650   Section        0  spi3.o(i.SPI3_Init)
    i.SPI3_WriteByte                         0x0800269c   Section        0  spi3.o(i.SPI3_WriteByte)
    i.SPI_EndRxTxTransaction                 0x080026b0   Section        0  stm32l4xx_hal_spi.o(i.SPI_EndRxTxTransaction)
    SPI_EndRxTxTransaction                   0x080026b1   Thumb Code    72  stm32l4xx_hal_spi.o(i.SPI_EndRxTxTransaction)
    i.SPI_WaitFifoStateUntilTimeout          0x080026f8   Section        0  stm32l4xx_hal_spi.o(i.SPI_WaitFifoStateUntilTimeout)
    SPI_WaitFifoStateUntilTimeout            0x080026f9   Thumb Code   150  stm32l4xx_hal_spi.o(i.SPI_WaitFifoStateUntilTimeout)
    i.SPI_WaitFlagStateUntilTimeout          0x0800278e   Section        0  stm32l4xx_hal_spi.o(i.SPI_WaitFlagStateUntilTimeout)
    SPI_WaitFlagStateUntilTimeout            0x0800278f   Thumb Code   148  stm32l4xx_hal_spi.o(i.SPI_WaitFlagStateUntilTimeout)
    i.SVC_Handler                            0x08002822   Section        0  stm32l4xx_it.o(i.SVC_Handler)
    i.SysTick_Handler                        0x08002824   Section        0  stm32l4xx_it.o(i.SysTick_Handler)
    i.Sys_Enter_Standby                      0x08002828   Section        0  wkup.o(i.Sys_Enter_Standby)
    i.SystemClock_Config                     0x080028d8   Section        0  sys.o(i.SystemClock_Config)
    i.SystemInit                             0x08002948   Section        0  system_stm32l4xx.o(i.SystemInit)
    i.TIM3_IRQHandler                        0x0800298c   Section        0  timer.o(i.TIM3_IRQHandler)
    i.TIM4_IRQHandler                        0x08002998   Section        0  usmart.o(i.TIM4_IRQHandler)
    i.TIM_Base_SetConfig                     0x080029cc   Section        0  stm32l4xx_hal_tim.o(i.TIM_Base_SetConfig)
    i.Timer4_Init                            0x08002a8c   Section        0  usmart.o(i.Timer4_Init)
    i.UART_AdvFeatureConfig                  0x08002ae0   Section        0  stm32l4xx_hal_uart.o(i.UART_AdvFeatureConfig)
    i.UART_CheckIdleState                    0x08002ba8   Section        0  stm32l4xx_hal_uart.o(i.UART_CheckIdleState)
    i.UART_DMAAbortOnError                   0x08002c04   Section        0  stm32l4xx_hal_uart.o(i.UART_DMAAbortOnError)
    UART_DMAAbortOnError                     0x08002c05   Thumb Code    20  stm32l4xx_hal_uart.o(i.UART_DMAAbortOnError)
    i.UART_EndRxTransfer                     0x08002c18   Section        0  stm32l4xx_hal_uart.o(i.UART_EndRxTransfer)
    UART_EndRxTransfer                       0x08002c19   Thumb Code    32  stm32l4xx_hal_uart.o(i.UART_EndRxTransfer)
    i.UART_SetConfig                         0x08002c38   Section        0  stm32l4xx_hal_uart.o(i.UART_SetConfig)
    i.UART_WaitOnFlagUntilTimeout            0x08002ef4   Section        0  stm32l4xx_hal_uart.o(i.UART_WaitOnFlagUntilTimeout)
    i.USART1_IRQHandler                      0x08002f58   Section        0  usart.o(i.USART1_IRQHandler)
    i.UsageFault_Handler                     0x08002fc4   Section        0  stm32l4xx_it.o(i.UsageFault_Handler)
    i.WKUP_Init                              0x08002fc8   Section        0  wkup.o(i.WKUP_Init)
    i._is_digit                              0x0800302c   Section        0  __printf_wp.o(i._is_digit)
    i._sys_exit                              0x0800303a   Section        0  usart.o(i._sys_exit)
    i.delay_init                             0x0800303c   Section        0  delay.o(i.delay_init)
    i.delay_ms                               0x08003050   Section        0  delay.o(i.delay_ms)
    i.delay_us                               0x0800306c   Section        0  delay.o(i.delay_us)
    i.fputc                                  0x080030a0   Section        0  usart.o(i.fputc)
    i.main                                   0x080030b8   Section        0  main.o(i.main)
    i.read_addr                              0x08003194   Section        0  usmart.o(i.read_addr)
    i.uart_init                              0x08003198   Section        0  usart.o(i.uart_init)
    i.usmart_cmd_rec                         0x080031dc   Section        0  usmart.o(i.usmart_cmd_rec)
    i.usmart_exe                             0x08003270   Section        0  usmart.o(i.usmart_exe)
    i.usmart_get_aparm                       0x080034d0   Section        0  usmart_str.o(i.usmart_get_aparm)
    i.usmart_get_cmdname                     0x08003574   Section        0  usmart_str.o(i.usmart_get_cmdname)
    i.usmart_get_fname                       0x080035a4   Section        0  usmart_str.o(i.usmart_get_fname)
    i.usmart_get_fparam                      0x08003714   Section        0  usmart_str.o(i.usmart_get_fparam)
    i.usmart_get_parmpos                     0x080037e4   Section        0  usmart_str.o(i.usmart_get_parmpos)
    i.usmart_get_runtime                     0x08003808   Section        0  usmart.o(i.usmart_get_runtime)
    i.usmart_init                            0x08003838   Section        0  usmart.o(i.usmart_init)
    i.usmart_pow                             0x08003860   Section        0  usmart_str.o(i.usmart_pow)
    i.usmart_reset_runtime                   0x08003870   Section        0  usmart.o(i.usmart_reset_runtime)
    i.usmart_scan                            0x08003898   Section        0  usmart.o(i.usmart_scan)
    i.usmart_search_nextc                    0x0800393c   Section        0  usmart_str.o(i.usmart_search_nextc)
    i.usmart_str2num                         0x0800394c   Section        0  usmart_str.o(i.usmart_str2num)
    i.usmart_strcmp                          0x08003a22   Section        0  usmart_str.o(i.usmart_strcmp)
    i.usmart_strcopy                         0x08003a3a   Section        0  usmart_str.o(i.usmart_strcopy)
    i.usmart_strlen                          0x08003a4c   Section        0  usmart_str.o(i.usmart_strlen)
    i.usmart_sys_cmd_exe                     0x08003a60   Section        0  usmart.o(i.usmart_sys_cmd_exe)
    i.write_addr                             0x080040e0   Section        0  usmart.o(i.write_addr)
    x$fpl$fpinit                             0x080040e4   Section       10  fpinit.o(x$fpl$fpinit)
    $v0                                      0x080040e4   Number         0  fpinit.o(x$fpl$fpinit)
    .constdata                               0x080040f0   Section       64  system_stm32l4xx.o(.constdata)
    .constdata                               0x08004130   Section        8  system_stm32l4xx.o(.constdata)
    .constdata                               0x08004138   Section    58740  lcd.o(.constdata)
    .constdata                               0x080126ac   Section       40  _printf_hex_int.o(.constdata)
    uc_hextab                                0x080126ac   Data          20  _printf_hex_int.o(.constdata)
    lc_hextab                                0x080126c0   Data          20  _printf_hex_int.o(.constdata)
    .constdata                               0x080126d4   Section       17  __printf_flags_ss_wp.o(.constdata)
    maptable                                 0x080126d4   Data          17  __printf_flags_ss_wp.o(.constdata)
    .conststring                             0x080126e8   Section       40  usmart.o(.conststring)
    .conststring                             0x08012710   Section      576  usmart_config.o(.conststring)
    .data                                    0x20000000   Section        4  system_stm32l4xx.o(.data)
    .data                                    0x20000004   Section        4  stm32l4xx_hal.o(.data)
    .data                                    0x20000008   Section        4  delay.o(.data)
    fac_us                                   0x20000008   Data           4  delay.o(.data)
    .data                                    0x2000000c   Section        2  usart.o(.data)
    .data                                    0x20000010   Section        4  usart.o(.data)
    .data                                    0x20000014   Section        4  lcd.o(.data)
    .data                                    0x20000018   Section       28  usmart.o(.data)
    .data                                    0x20000034   Section      104  usmart_config.o(.data)
    .data                                    0x2000009c   Section      244  usmart_config.o(.data)
    .bss                                     0x20000190   Section      320  usart.o(.bss)
    .bss                                     0x200002d0   Section       64  timer.o(.bss)
    .bss                                     0x20000310   Section     1152  lcd.o(.bss)
    lcd_buf                                  0x20000310   Data        1152  lcd.o(.bss)
    .bss                                     0x20000790   Section      100  spi3.o(.bss)
    .bss                                     0x200007f4   Section       36  wkup.o(.bss)
    .bss                                     0x20000818   Section       64  usmart.o(.bss)
    .bss                                     0x20000858   Section       96  libspace.o(.bss)
    HEAP                                     0x200008b8   Section      512  startup_stm32l475xx.o(HEAP)
    Heap_Mem                                 0x200008b8   Data         512  startup_stm32l475xx.o(HEAP)
    STACK                                    0x20000ab8   Section     1024  startup_stm32l475xx.o(STACK)
    Stack_Mem                                0x20000ab8   Data        1024  startup_stm32l475xx.o(STACK)
    __initial_sp                             0x20000eb8   Data           0  startup_stm32l475xx.o(STACK)

    Global Symbols

    Symbol Name                              Value     Ov Type        Size  Object(Section)

    BuildAttributes$$THM_ISAv4$E$P$D$K$B$S$7EM$VFPi3$EXTD16$VFPS$VFMA$PE$A:L22UL41UL21$X:L11$S22US41US21$IEEE1$IW$USESV6$~STKCKD$USESV7$~SHL$OSPACE$ROPI$EBA8$UX$STANDARDLIB$REQ8$PRES8$EABIv2 0x00000000   Number         0  anon$$obj.o ABSOLUTE
    __ARM_use_no_argv                        0x00000000   Number         0  main.o ABSOLUTE
    _printf_flags                            0x00000000   Number         0  printf_stubs.o ABSOLUTE
    _printf_return_value                     0x00000000   Number         0  printf_stubs.o ABSOLUTE
    _printf_sizespec                         0x00000000   Number         0  printf_stubs.o ABSOLUTE
    _printf_widthprec                        0x00000000   Number         0  printf_stubs.o ABSOLUTE
    __ARM_exceptions_init                     - Undefined Weak Reference
    __alloca_initialize                       - Undefined Weak Reference
    __arm_fini_                               - Undefined Weak Reference
    __arm_preinit_                            - Undefined Weak Reference
    __cpp_initialize__aeabi_                  - Undefined Weak Reference
    __cxa_finalize                            - Undefined Weak Reference
    __rt_locale                               - Undefined Weak Reference
    __sigvec_lookup                           - Undefined Weak Reference
    _atexit_init                              - Undefined Weak Reference
    _call_atexit_fns                          - Undefined Weak Reference
    _clock_init                               - Undefined Weak Reference
    _fp_trap_init                             - Undefined Weak Reference
    _fp_trap_shutdown                         - Undefined Weak Reference
    _get_lc_collate                           - Undefined Weak Reference
    _get_lc_ctype                             - Undefined Weak Reference
    _get_lc_monetary                          - Undefined Weak Reference
    _get_lc_numeric                           - Undefined Weak Reference
    _get_lc_time                              - Undefined Weak Reference
    _getenv_init                              - Undefined Weak Reference
    _handle_redirection                       - Undefined Weak Reference
    _init_alloc                               - Undefined Weak Reference
    _init_user_alloc                          - Undefined Weak Reference
    _initio                                   - Undefined Weak Reference
    _mutex_acquire                            - Undefined Weak Reference
    _mutex_release                            - Undefined Weak Reference
    _printf_mbtowc                            - Undefined Weak Reference
    _printf_truncate_signed                   - Undefined Weak Reference
    _printf_truncate_unsigned                 - Undefined Weak Reference
    _rand_init                                - Undefined Weak Reference
    _signal_finish                            - Undefined Weak Reference
    _signal_init                              - Undefined Weak Reference
    _terminate_alloc                          - Undefined Weak Reference
    _terminate_user_alloc                     - Undefined Weak Reference
    _terminateio                              - Undefined Weak Reference
    __Vectors_Size                           0x00000188   Number         0  startup_stm32l475xx.o ABSOLUTE
    __Vectors                                0x08000000   Data           4  startup_stm32l475xx.o(RESET)
    __Vectors_End                            0x08000188   Data           0  startup_stm32l475xx.o(RESET)
    __main                                   0x08000189   Thumb Code     8  __main.o(!!!main)
    __scatterload                            0x08000191   Thumb Code     0  __scatter.o(!!!scatter)
    __scatterload_rt2                        0x08000191   Thumb Code    44  __scatter.o(!!!scatter)
    __scatterload_rt2_thumb_only             0x08000191   Thumb Code     0  __scatter.o(!!!scatter)
    __scatterload_null                       0x0800019f   Thumb Code     0  __scatter.o(!!!scatter)
    __decompress                             0x080001c5   Thumb Code    90  __dczerorl2.o(!!dczerorl2)
    __decompress1                            0x080001c5   Thumb Code     0  __dczerorl2.o(!!dczerorl2)
    __scatterload_zeroinit                   0x08000221   Thumb Code    28  __scatter_zi.o(!!handler_zi)
    _printf_d                                0x0800023d   Thumb Code     0  _printf_d.o(.ARM.Collect$$_printf_percent$$00000009)
    _printf_percent                          0x0800023d   Thumb Code     0  _printf_percent.o(.ARM.Collect$$_printf_percent$$00000000)
    _printf_u                                0x08000243   Thumb Code     0  _printf_u.o(.ARM.Collect$$_printf_percent$$0000000A)
    _printf_x                                0x08000249   Thumb Code     0  _printf_x.o(.ARM.Collect$$_printf_percent$$0000000C)
    _printf_c                                0x0800024f   Thumb Code     0  _printf_c.o(.ARM.Collect$$_printf_percent$$00000013)
    _printf_s                                0x08000255   Thumb Code     0  _printf_s.o(.ARM.Collect$$_printf_percent$$00000014)
    _printf_percent_end                      0x0800025b   Thumb Code     0  _printf_percent_end.o(.ARM.Collect$$_printf_percent$$00000017)
    __rt_lib_init                            0x0800025f   Thumb Code     0  libinit.o(.ARM.Collect$$libinit$$00000000)
    __rt_lib_init_fp_1                       0x08000261   Thumb Code     0  libinit2.o(.ARM.Collect$$libinit$$00000001)
    __rt_lib_init_alloca_1                   0x08000265   Thumb Code     0  libinit2.o(.ARM.Collect$$libinit$$0000002E)
    __rt_lib_init_argv_1                     0x08000265   Thumb Code     0  libinit2.o(.ARM.Collect$$libinit$$0000002C)
    __rt_lib_init_atexit_1                   0x08000265   Thumb Code     0  libinit2.o(.ARM.Collect$$libinit$$0000001B)
    __rt_lib_init_clock_1                    0x08000265   Thumb Code     0  libinit2.o(.ARM.Collect$$libinit$$00000021)
    __rt_lib_init_cpp_1                      0x08000265   Thumb Code     0  libinit2.o(.ARM.Collect$$libinit$$00000032)
    __rt_lib_init_exceptions_1               0x08000265   Thumb Code     0  libinit2.o(.ARM.Collect$$libinit$$00000030)
    __rt_lib_init_fp_trap_1                  0x08000265   Thumb Code     0  libinit2.o(.ARM.Collect$$libinit$$0000001F)
    __rt_lib_init_getenv_1                   0x08000265   Thumb Code     0  libinit2.o(.ARM.Collect$$libinit$$00000023)
    __rt_lib_init_heap_1                     0x08000265   Thumb Code     0  libinit2.o(.ARM.Collect$$libinit$$0000000A)
    __rt_lib_init_lc_collate_1               0x08000265   Thumb Code     0  libinit2.o(.ARM.Collect$$libinit$$00000011)
    __rt_lib_init_lc_ctype_1                 0x08000265   Thumb Code     0  libinit2.o(.ARM.Collect$$libinit$$00000013)
    __rt_lib_init_lc_monetary_1              0x08000265   Thumb Code     0  libinit2.o(.ARM.Collect$$libinit$$00000015)
    __rt_lib_init_lc_numeric_1               0x08000265   Thumb Code     0  libinit2.o(.ARM.Collect$$libinit$$00000017)
    __rt_lib_init_lc_time_1                  0x08000265   Thumb Code     0  libinit2.o(.ARM.Collect$$libinit$$00000019)
    __rt_lib_init_preinit_1                  0x08000265   Thumb Code     0  libinit2.o(.ARM.Collect$$libinit$$00000004)
    __rt_lib_init_rand_1                     0x08000265   Thumb Code     0  libinit2.o(.ARM.Collect$$libinit$$0000000E)
    __rt_lib_init_return                     0x08000265   Thumb Code     0  libinit2.o(.ARM.Collect$$libinit$$00000033)
    __rt_lib_init_signal_1                   0x08000265   Thumb Code     0  libinit2.o(.ARM.Collect$$libinit$$0000001D)
    __rt_lib_init_stdio_1                    0x08000265   Thumb Code     0  libinit2.o(.ARM.Collect$$libinit$$00000025)
    __rt_lib_init_user_alloc_1               0x08000265   Thumb Code     0  libinit2.o(.ARM.Collect$$libinit$$0000000C)
    __rt_lib_shutdown                        0x08000267   Thumb Code     0  libshutdown.o(.ARM.Collect$$libshutdown$$00000000)
    __rt_lib_shutdown_cpp_1                  0x08000269   Thumb Code     0  libshutdown2.o(.ARM.Collect$$libshutdown$$00000004)
    __rt_lib_shutdown_fini_1                 0x08000269   Thumb Code     0  libshutdown2.o(.ARM.Collect$$libshutdown$$00000002)
    __rt_lib_shutdown_fp_trap_1              0x08000269   Thumb Code     0  libshutdown2.o(.ARM.Collect$$libshutdown$$00000009)
    __rt_lib_shutdown_heap_1                 0x08000269   Thumb Code     0  libshutdown2.o(.ARM.Collect$$libshutdown$$00000011)
    __rt_lib_shutdown_return                 0x08000269   Thumb Code     0  libshutdown2.o(.ARM.Collect$$libshutdown$$00000012)
    __rt_lib_shutdown_signal_1               0x08000269   Thumb Code     0  libshutdown2.o(.ARM.Collect$$libshutdown$$0000000C)
    __rt_lib_shutdown_stdio_1                0x08000269   Thumb Code     0  libshutdown2.o(.ARM.Collect$$libshutdown$$00000006)
    __rt_lib_shutdown_user_alloc_1           0x08000269   Thumb Code     0  libshutdown2.o(.ARM.Collect$$libshutdown$$0000000E)
    __rt_entry                               0x0800026b   Thumb Code     0  __rtentry.o(.ARM.Collect$$rtentry$$00000000)
    __rt_entry_presh_1                       0x0800026b   Thumb Code     0  __rtentry2.o(.ARM.Collect$$rtentry$$00000002)
    __rt_entry_sh                            0x0800026b   Thumb Code     0  __rtentry4.o(.ARM.Collect$$rtentry$$00000004)
    __rt_entry_li                            0x08000271   Thumb Code     0  __rtentry2.o(.ARM.Collect$$rtentry$$0000000A)
    __rt_entry_postsh_1                      0x08000271   Thumb Code     0  __rtentry2.o(.ARM.Collect$$rtentry$$00000009)
    __rt_entry_main                          0x08000275   Thumb Code     0  __rtentry2.o(.ARM.Collect$$rtentry$$0000000D)
    __rt_entry_postli_1                      0x08000275   Thumb Code     0  __rtentry2.o(.ARM.Collect$$rtentry$$0000000C)
    __rt_exit                                0x0800027d   Thumb Code     0  rtexit.o(.ARM.Collect$$rtexit$$00000000)
    __rt_exit_ls                             0x0800027f   Thumb Code     0  rtexit2.o(.ARM.Collect$$rtexit$$00000003)
    __rt_exit_prels_1                        0x0800027f   Thumb Code     0  rtexit2.o(.ARM.Collect$$rtexit$$00000002)
    __rt_exit_exit                           0x08000283   Thumb Code     0  rtexit2.o(.ARM.Collect$$rtexit$$00000004)
    Reset_Handler                            0x08000289   Thumb Code     8  startup_stm32l475xx.o(.text)
    ADC1_2_IRQHandler                        0x080002a3   Thumb Code     0  startup_stm32l475xx.o(.text)
    ADC3_IRQHandler                          0x080002a3   Thumb Code     0  startup_stm32l475xx.o(.text)
    CAN1_RX0_IRQHandler                      0x080002a3   Thumb Code     0  startup_stm32l475xx.o(.text)
    CAN1_RX1_IRQHandler                      0x080002a3   Thumb Code     0  startup_stm32l475xx.o(.text)
    CAN1_SCE_IRQHandler                      0x080002a3   Thumb Code     0  startup_stm32l475xx.o(.text)
    CAN1_TX_IRQHandler                       0x080002a3   Thumb Code     0  startup_stm32l475xx.o(.text)
    COMP_IRQHandler                          0x080002a3   Thumb Code     0  startup_stm32l475xx.o(.text)
    DFSDM1_FLT0_IRQHandler                   0x080002a3   Thumb Code     0  startup_stm32l475xx.o(.text)
    DFSDM1_FLT1_IRQHandler                   0x080002a3   Thumb Code     0  startup_stm32l475xx.o(.text)
    DFSDM1_FLT2_IRQHandler                   0x080002a3   Thumb Code     0  startup_stm32l475xx.o(.text)
    DFSDM1_FLT3_IRQHandler                   0x080002a3   Thumb Code     0  startup_stm32l475xx.o(.text)
    DMA1_Channel1_IRQHandler                 0x080002a3   Thumb Code     0  startup_stm32l475xx.o(.text)
    DMA1_Channel2_IRQHandler                 0x080002a3   Thumb Code     0  startup_stm32l475xx.o(.text)
    DMA1_Channel3_IRQHandler                 0x080002a3   Thumb Code     0  startup_stm32l475xx.o(.text)
    DMA1_Channel4_IRQHandler                 0x080002a3   Thumb Code     0  startup_stm32l475xx.o(.text)
    DMA1_Channel5_IRQHandler                 0x080002a3   Thumb Code     0  startup_stm32l475xx.o(.text)
    DMA1_Channel6_IRQHandler                 0x080002a3   Thumb Code     0  startup_stm32l475xx.o(.text)
    DMA1_Channel7_IRQHandler                 0x080002a3   Thumb Code     0  startup_stm32l475xx.o(.text)
    DMA2_Channel1_IRQHandler                 0x080002a3   Thumb Code     0  startup_stm32l475xx.o(.text)
    DMA2_Channel2_IRQHandler                 0x080002a3   Thumb Code     0  startup_stm32l475xx.o(.text)
    DMA2_Channel3_IRQHandler                 0x080002a3   Thumb Code     0  startup_stm32l475xx.o(.text)
    DMA2_Channel4_IRQHandler                 0x080002a3   Thumb Code     0  startup_stm32l475xx.o(.text)
    DMA2_Channel5_IRQHandler                 0x080002a3   Thumb Code     0  startup_stm32l475xx.o(.text)
    DMA2_Channel6_IRQHandler                 0x080002a3   Thumb Code     0  startup_stm32l475xx.o(.text)
    DMA2_Channel7_IRQHandler                 0x080002a3   Thumb Code     0  startup_stm32l475xx.o(.text)
    EXTI0_IRQHandler                         0x080002a3   Thumb Code     0  startup_stm32l475xx.o(.text)
    EXTI1_IRQHandler                         0x080002a3   Thumb Code     0  startup_stm32l475xx.o(.text)
    EXTI2_IRQHandler                         0x080002a3   Thumb Code     0  startup_stm32l475xx.o(.text)
    EXTI3_IRQHandler                         0x080002a3   Thumb Code     0  startup_stm32l475xx.o(.text)
    EXTI4_IRQHandler                         0x080002a3   Thumb Code     0  startup_stm32l475xx.o(.text)
    EXTI9_5_IRQHandler                       0x080002a3   Thumb Code     0  startup_stm32l475xx.o(.text)
    FLASH_IRQHandler                         0x080002a3   Thumb Code     0  startup_stm32l475xx.o(.text)
    FMC_IRQHandler                           0x080002a3   Thumb Code     0  startup_stm32l475xx.o(.text)
    FPU_IRQHandler                           0x080002a3   Thumb Code     0  startup_stm32l475xx.o(.text)
    I2C1_ER_IRQHandler                       0x080002a3   Thumb Code     0  startup_stm32l475xx.o(.text)
    I2C1_EV_IRQHandler                       0x080002a3   Thumb Code     0  startup_stm32l475xx.o(.text)
    I2C2_ER_IRQHandler                       0x080002a3   Thumb Code     0  startup_stm32l475xx.o(.text)
    I2C2_EV_IRQHandler                       0x080002a3   Thumb Code     0  startup_stm32l475xx.o(.text)
    I2C3_ER_IRQHandler                       0x080002a3   Thumb Code     0  startup_stm32l475xx.o(.text)
    I2C3_EV_IRQHandler                       0x080002a3   Thumb Code     0  startup_stm32l475xx.o(.text)
    LPTIM1_IRQHandler                        0x080002a3   Thumb Code     0  startup_stm32l475xx.o(.text)
    LPTIM2_IRQHandler                        0x080002a3   Thumb Code     0  startup_stm32l475xx.o(.text)
    LPUART1_IRQHandler                       0x080002a3   Thumb Code     0  startup_stm32l475xx.o(.text)
    OTG_FS_IRQHandler                        0x080002a3   Thumb Code     0  startup_stm32l475xx.o(.text)
    PVD_PVM_IRQHandler                       0x080002a3   Thumb Code     0  startup_stm32l475xx.o(.text)
    QUADSPI_IRQHandler                       0x080002a3   Thumb Code     0  startup_stm32l475xx.o(.text)
    RCC_IRQHandler                           0x080002a3   Thumb Code     0  startup_stm32l475xx.o(.text)
    RNG_IRQHandler                           0x080002a3   Thumb Code     0  startup_stm32l475xx.o(.text)
    RTC_Alarm_IRQHandler                     0x080002a3   Thumb Code     0  startup_stm32l475xx.o(.text)
    RTC_WKUP_IRQHandler                      0x080002a3   Thumb Code     0  startup_stm32l475xx.o(.text)
    SAI1_IRQHandler                          0x080002a3   Thumb Code     0  startup_stm32l475xx.o(.text)
    SAI2_IRQHandler                          0x080002a3   Thumb Code     0  startup_stm32l475xx.o(.text)
    SDMMC1_IRQHandler                        0x080002a3   Thumb Code     0  startup_stm32l475xx.o(.text)
    SPI1_IRQHandler                          0x080002a3   Thumb Code     0  startup_stm32l475xx.o(.text)
    SPI2_IRQHandler                          0x080002a3   Thumb Code     0  startup_stm32l475xx.o(.text)
    SPI3_IRQHandler                          0x080002a3   Thumb Code     0  startup_stm32l475xx.o(.text)
    SWPMI1_IRQHandler                        0x080002a3   Thumb Code     0  startup_stm32l475xx.o(.text)
    TAMP_STAMP_IRQHandler                    0x080002a3   Thumb Code     0  startup_stm32l475xx.o(.text)
    TIM1_BRK_TIM15_IRQHandler                0x080002a3   Thumb Code     0  startup_stm32l475xx.o(.text)
    TIM1_CC_IRQHandler                       0x080002a3   Thumb Code     0  startup_stm32l475xx.o(.text)
    TIM1_TRG_COM_TIM17_IRQHandler            0x080002a3   Thumb Code     0  startup_stm32l475xx.o(.text)
    TIM1_UP_TIM16_IRQHandler                 0x080002a3   Thumb Code     0  startup_stm32l475xx.o(.text)
    TIM2_IRQHandler                          0x080002a3   Thumb Code     0  startup_stm32l475xx.o(.text)
    TIM5_IRQHandler                          0x080002a3   Thumb Code     0  startup_stm32l475xx.o(.text)
    TIM6_DAC_IRQHandler                      0x080002a3   Thumb Code     0  startup_stm32l475xx.o(.text)
    TIM7_IRQHandler                          0x080002a3   Thumb Code     0  startup_stm32l475xx.o(.text)
    TIM8_BRK_IRQHandler                      0x080002a3   Thumb Code     0  startup_stm32l475xx.o(.text)
    TIM8_CC_IRQHandler                       0x080002a3   Thumb Code     0  startup_stm32l475xx.o(.text)
    TIM8_TRG_COM_IRQHandler                  0x080002a3   Thumb Code     0  startup_stm32l475xx.o(.text)
    TIM8_UP_IRQHandler                       0x080002a3   Thumb Code     0  startup_stm32l475xx.o(.text)
    TSC_IRQHandler                           0x080002a3   Thumb Code     0  startup_stm32l475xx.o(.text)
    UART4_IRQHandler                         0x080002a3   Thumb Code     0  startup_stm32l475xx.o(.text)
    UART5_IRQHandler                         0x080002a3   Thumb Code     0  startup_stm32l475xx.o(.text)
    USART2_IRQHandler                        0x080002a3   Thumb Code     0  startup_stm32l475xx.o(.text)
    USART3_IRQHandler                        0x080002a3   Thumb Code     0  startup_stm32l475xx.o(.text)
    WWDG_IRQHandler                          0x080002a3   Thumb Code     0  startup_stm32l475xx.o(.text)
    __user_initial_stackheap                 0x080002a5   Thumb Code     0  startup_stm32l475xx.o(.text)
    __use_no_semihosting                     0x080002c9   Thumb Code     2  use_no_semi_2.o(.text)
    __aeabi_uldivmod                         0x080002cb   Thumb Code     0  lludivv7m.o(.text)
    _ll_udiv                                 0x080002cb   Thumb Code   238  lludivv7m.o(.text)
    __2printf                                0x080003b9   Thumb Code    20  noretval__2printf.o(.text)
    _printf_pre_padding                      0x080003d1   Thumb Code    44  _printf_pad.o(.text)
    _printf_post_padding                     0x080003fd   Thumb Code    34  _printf_pad.o(.text)
    _printf_str                              0x0800041f   Thumb Code    82  _printf_str.o(.text)
    _printf_int_dec                          0x08000471   Thumb Code   104  _printf_dec.o(.text)
    _printf_int_hex                          0x080004e9   Thumb Code    84  _printf_hex_int.o(.text)
    _printf_longlong_hex                     0x080004e9   Thumb Code     0  _printf_hex_int.o(.text)
    __printf                                 0x08000541   Thumb Code   388  __printf_flags_ss_wp.o(.text)
    __use_two_region_memory                  0x080006cf   Thumb Code     2  heapauxi.o(.text)
    __rt_heap_escrow$2region                 0x080006d1   Thumb Code     2  heapauxi.o(.text)
    __rt_heap_expand$2region                 0x080006d3   Thumb Code     2  heapauxi.o(.text)
    __I$use$semihosting                      0x080006d5   Thumb Code     0  use_no_semi.o(.text)
    __use_no_semihosting_swi                 0x080006d5   Thumb Code     2  use_no_semi.o(.text)
    _printf_int_common                       0x080006d7   Thumb Code   178  _printf_intcommon.o(.text)
    _printf_cs_common                        0x08000789   Thumb Code    20  _printf_char.o(.text)
    _printf_char                             0x0800079d   Thumb Code    16  _printf_char.o(.text)
    _printf_string                           0x080007ad   Thumb Code     8  _printf_char.o(.text)
    _printf_char_file                        0x080007b5   Thumb Code    32  _printf_char_file.o(.text)
    _printf_char_common                      0x080007e3   Thumb Code    32  _printf_char_common.o(.text)
    ferror                                   0x08000809   Thumb Code     8  ferror.o(.text)
    __user_setup_stackheap                   0x08000811   Thumb Code    74  sys_stackheap_outer.o(.text)
    exit                                     0x0800085b   Thumb Code    18  exit.o(.text)
    __user_libspace                          0x0800086d   Thumb Code     8  libspace.o(.text)
    __user_perproc_libspace                  0x0800086d   Thumb Code     0  libspace.o(.text)
    __user_perthread_libspace                0x0800086d   Thumb Code     0  libspace.o(.text)
    BusFault_Handler                         0x08000875   Thumb Code     2  stm32l4xx_it.o(i.BusFault_Handler)
    Check_WKUP                               0x08000879   Thumb Code    98  wkup.o(i.Check_WKUP)
    DebugMon_Handler                         0x080008e5   Thumb Code     2  stm32l4xx_it.o(i.DebugMon_Handler)
    Display_ALIENTEK_LOGO                    0x080008e9   Thumb Code    16  lcd.o(i.Display_ALIENTEK_LOGO)
    EXTI15_10_IRQHandler                     0x080008fd   Thumb Code     8  wkup.o(i.EXTI15_10_IRQHandler)
    HAL_DMA_Abort_IT                         0x08000905   Thumb Code    78  stm32l4xx_hal_dma.o(i.HAL_DMA_Abort_IT)
    HAL_GPIO_EXTI_Callback                   0x08000953   Thumb Code    26  wkup.o(i.HAL_GPIO_EXTI_Callback)
    HAL_GPIO_EXTI_IRQHandler                 0x0800096d   Thumb Code    18  stm32l4xx_hal_gpio.o(i.HAL_GPIO_EXTI_IRQHandler)
    HAL_GPIO_Init                            0x08000985   Thumb Code   424  stm32l4xx_hal_gpio.o(i.HAL_GPIO_Init)
    HAL_GPIO_ReadPin                         0x08000b57   Thumb Code    10  stm32l4xx_hal_gpio.o(i.HAL_GPIO_ReadPin)
    HAL_GPIO_TogglePin                       0x08000b61   Thumb Code     8  stm32l4xx_hal_gpio.o(i.HAL_GPIO_TogglePin)
    HAL_GPIO_WritePin                        0x08000b69   Thumb Code    10  stm32l4xx_hal_gpio.o(i.HAL_GPIO_WritePin)
    HAL_GetTick                              0x08000b75   Thumb Code     6  stm32l4xx_hal.o(i.HAL_GetTick)
    HAL_IncTick                              0x08000b81   Thumb Code    10  stm32l4xx_hal.o(i.HAL_IncTick)
    HAL_Init                                 0x08000b91   Thumb Code    30  stm32l4xx_hal.o(i.HAL_Init)
    HAL_InitTick                             0x08000bb1   Thumb Code    42  stm32l4xx_hal.o(i.HAL_InitTick)
    HAL_MspInit                              0x08000be1   Thumb Code     2  stm32l4xx_hal.o(i.HAL_MspInit)
    HAL_NVIC_EnableIRQ                       0x08000be3   Thumb Code    22  stm32l4xx_hal_cortex.o(i.HAL_NVIC_EnableIRQ)
    HAL_NVIC_SetPriority                     0x08000bf9   Thumb Code    60  stm32l4xx_hal_cortex.o(i.HAL_NVIC_SetPriority)
    HAL_NVIC_SetPriorityGrouping             0x08000c39   Thumb Code    26  stm32l4xx_hal_cortex.o(i.HAL_NVIC_SetPriorityGrouping)
    HAL_PWREx_ControlVoltageScaling          0x08000c5d   Thumb Code    90  stm32l4xx_hal_pwr_ex.o(i.HAL_PWREx_ControlVoltageScaling)
    HAL_PWREx_EnableGPIOPullDown             0x08000cc5   Thumb Code   156  stm32l4xx_hal_pwr_ex.o(i.HAL_PWREx_EnableGPIOPullDown)
    HAL_PWREx_EnablePullUpPullDownConfig     0x08000d65   Thumb Code    12  stm32l4xx_hal_pwr_ex.o(i.HAL_PWREx_EnablePullUpPullDownConfig)
    HAL_PWREx_GetVoltageRange                0x08000d75   Thumb Code    10  stm32l4xx_hal_pwr_ex.o(i.HAL_PWREx_GetVoltageRange)
    HAL_PWR_EnableBkUpAccess                 0x08000d85   Thumb Code    12  stm32l4xx_hal_pwr.o(i.HAL_PWR_EnableBkUpAccess)
    HAL_PWR_EnableWakeUpPin                  0x08000d95   Thumb Code    24  stm32l4xx_hal_pwr.o(i.HAL_PWR_EnableWakeUpPin)
    HAL_PWR_EnterSTANDBYMode                 0x08000db1   Thumb Code    26  stm32l4xx_hal_pwr.o(i.HAL_PWR_EnterSTANDBYMode)
    HAL_RCC_ClockConfig                      0x08000dd5   Thumb Code   276  stm32l4xx_hal_rcc.o(i.HAL_RCC_ClockConfig)
    HAL_RCC_GetPCLK1Freq                     0x08000ef9   Thumb Code    24  stm32l4xx_hal_rcc.o(i.HAL_RCC_GetPCLK1Freq)
    HAL_RCC_GetPCLK2Freq                     0x08000f1d   Thumb Code    24  stm32l4xx_hal_rcc.o(i.HAL_RCC_GetPCLK2Freq)
    HAL_RCC_GetSysClockFreq                  0x08000f41   Thumb Code   154  stm32l4xx_hal_rcc.o(i.HAL_RCC_GetSysClockFreq)
    HAL_RCC_OscConfig                        0x08000fe9   Thumb Code  1104  stm32l4xx_hal_rcc.o(i.HAL_RCC_OscConfig)
    HAL_SPI_Init                             0x0800143d   Thumb Code   172  stm32l4xx_hal_spi.o(i.HAL_SPI_Init)
    HAL_SPI_MspInit                          0x080014e9   Thumb Code    70  spi3.o(i.HAL_SPI_MspInit)
    HAL_SPI_Transmit                         0x08001539   Thumb Code   386  stm32l4xx_hal_spi.o(i.HAL_SPI_Transmit)
    HAL_SYSTICK_CLKSourceConfig              0x080016c1   Thumb Code    24  stm32l4xx_hal_cortex.o(i.HAL_SYSTICK_CLKSourceConfig)
    HAL_SYSTICK_Config                       0x080016d9   Thumb Code    40  stm32l4xx_hal_cortex.o(i.HAL_SYSTICK_Config)
    HAL_TIMEx_Break2Callback                 0x08001701   Thumb Code     2  stm32l4xx_hal_tim_ex.o(i.HAL_TIMEx_Break2Callback)
    HAL_TIMEx_BreakCallback                  0x08001703   Thumb Code     2  stm32l4xx_hal_tim_ex.o(i.HAL_TIMEx_BreakCallback)
    HAL_TIMEx_CommutationCallback            0x08001705   Thumb Code     2  stm32l4xx_hal_tim_ex.o(i.HAL_TIMEx_CommutationCallback)
    HAL_TIM_Base_Init                        0x08001707   Thumb Code    54  stm32l4xx_hal_tim.o(i.HAL_TIM_Base_Init)
    HAL_TIM_Base_MspInit                     0x0800173d   Thumb Code    50  timer.o(i.HAL_TIM_Base_MspInit)
    HAL_TIM_Base_Start_IT                    0x08001779   Thumb Code    44  stm32l4xx_hal_tim.o(i.HAL_TIM_Base_Start_IT)
    HAL_TIM_IC_CaptureCallback               0x080017a9   Thumb Code     2  stm32l4xx_hal_tim.o(i.HAL_TIM_IC_CaptureCallback)
    HAL_TIM_IRQHandler                       0x080017ab   Thumb Code   388  stm32l4xx_hal_tim.o(i.HAL_TIM_IRQHandler)
    HAL_TIM_OC_DelayElapsedCallback          0x0800192f   Thumb Code     2  stm32l4xx_hal_tim.o(i.HAL_TIM_OC_DelayElapsedCallback)
    HAL_TIM_PWM_PulseFinishedCallback        0x08001931   Thumb Code     2  stm32l4xx_hal_tim.o(i.HAL_TIM_PWM_PulseFinishedCallback)
    HAL_TIM_PeriodElapsedCallback            0x08001935   Thumb Code    18  timer.o(i.HAL_TIM_PeriodElapsedCallback)
    HAL_TIM_TriggerCallback                  0x08001951   Thumb Code     2  stm32l4xx_hal_tim.o(i.HAL_TIM_TriggerCallback)
    HAL_UARTEx_WakeupCallback                0x08001953   Thumb Code     2  stm32l4xx_hal_uart_ex.o(i.HAL_UARTEx_WakeupCallback)
    HAL_UART_ErrorCallback                   0x08001955   Thumb Code     2  stm32l4xx_hal_uart.o(i.HAL_UART_ErrorCallback)
    HAL_UART_IRQHandler                      0x08001959   Thumb Code   320  stm32l4xx_hal_uart.o(i.HAL_UART_IRQHandler)
    HAL_UART_Init                            0x08001a9d   Thumb Code   106  stm32l4xx_hal_uart.o(i.HAL_UART_Init)
    HAL_UART_MspInit                         0x08001b09   Thumb Code    96  usart.o(i.HAL_UART_MspInit)
    HAL_UART_Receive                         0x08001b71   Thumb Code   232  stm32l4xx_hal_uart.o(i.HAL_UART_Receive)
    HAL_UART_TxCpltCallback                  0x08001c5f   Thumb Code     2  stm32l4xx_hal_uart.o(i.HAL_UART_TxCpltCallback)
    HardFault_Handler                        0x08001c61   Thumb Code     2  stm32l4xx_it.o(i.HardFault_Handler)
    LCD_Address_Set                          0x08001c63   Thumb Code    82  lcd.o(i.LCD_Address_Set)
    LCD_Clear                                0x08001cb5   Thumb Code    78  lcd.o(i.LCD_Clear)
    LCD_DrawLine                             0x08001d0d   Thumb Code   214  lcd.o(i.LCD_DrawLine)
    LCD_DrawRectangle                        0x08001e01   Thumb Code    58  lcd.o(i.LCD_DrawRectangle)
    LCD_Draw_Circle                          0x08001e3b   Thumb Code   204  lcd.o(i.LCD_Draw_Circle)
    LCD_Draw_Point                           0x08001f0d   Thumb Code    22  lcd.o(i.LCD_Draw_Point)
    LCD_Fill                                 0x08001f29   Thumb Code   118  lcd.o(i.LCD_Fill)
    LCD_Init                                 0x0800204d   Thumb Code   412  lcd.o(i.LCD_Init)
    LCD_ShowChar                             0x0800223d   Thumb Code   300  lcd.o(i.LCD_ShowChar)
    LCD_ShowNum                              0x0800237f   Thumb Code   106  lcd.o(i.LCD_ShowNum)
    LCD_ShowString                           0x080023ef   Thumb Code    76  lcd.o(i.LCD_ShowString)
    LCD_Show_Image                           0x0800243d   Thumb Code    66  lcd.o(i.LCD_Show_Image)
    LCD_ShowxNum                             0x08002485   Thumb Code   122  lcd.o(i.LCD_ShowxNum)
    LCD_Write_HalfWord                       0x0800253d   Thumb Code    36  lcd.o(i.LCD_Write_HalfWord)
    LED_Init                                 0x08002565   Thumb Code    62  led.o(i.LED_Init)
    MemManage_Handler                        0x080025ad   Thumb Code     2  stm32l4xx_it.o(i.MemManage_Handler)
    NMI_Handler                              0x080025af   Thumb Code     2  stm32l4xx_it.o(i.NMI_Handler)
    PendSV_Handler                           0x080025d1   Thumb Code     2  stm32l4xx_it.o(i.PendSV_Handler)
    SPI3_Init                                0x08002651   Thumb Code    66  spi3.o(i.SPI3_Init)
    SPI3_WriteByte                           0x0800269d   Thumb Code    14  spi3.o(i.SPI3_WriteByte)
    SVC_Handler                              0x08002823   Thumb Code     2  stm32l4xx_it.o(i.SVC_Handler)
    SysTick_Handler                          0x08002825   Thumb Code     4  stm32l4xx_it.o(i.SysTick_Handler)
    Sys_Enter_Standby                        0x08002829   Thumb Code   162  wkup.o(i.Sys_Enter_Standby)
    SystemClock_Config                       0x080028d9   Thumb Code   106  sys.o(i.SystemClock_Config)
    SystemInit                               0x08002949   Thumb Code    56  system_stm32l4xx.o(i.SystemInit)
    TIM3_IRQHandler                          0x0800298d   Thumb Code     6  timer.o(i.TIM3_IRQHandler)
    TIM4_IRQHandler                          0x08002999   Thumb Code    44  usmart.o(i.TIM4_IRQHandler)
    TIM_Base_SetConfig                       0x080029cd   Thumb Code   160  stm32l4xx_hal_tim.o(i.TIM_Base_SetConfig)
    Timer4_Init                              0x08002a8d   Thumb Code    72  usmart.o(i.Timer4_Init)
    UART_AdvFeatureConfig                    0x08002ae1   Thumb Code   200  stm32l4xx_hal_uart.o(i.UART_AdvFeatureConfig)
    UART_CheckIdleState                      0x08002ba9   Thumb Code    92  stm32l4xx_hal_uart.o(i.UART_CheckIdleState)
    UART_SetConfig                           0x08002c39   Thumb Code   652  stm32l4xx_hal_uart.o(i.UART_SetConfig)
    UART_WaitOnFlagUntilTimeout              0x08002ef5   Thumb Code    98  stm32l4xx_hal_uart.o(i.UART_WaitOnFlagUntilTimeout)
    USART1_IRQHandler                        0x08002f59   Thumb Code   100  usart.o(i.USART1_IRQHandler)
    UsageFault_Handler                       0x08002fc5   Thumb Code     2  stm32l4xx_it.o(i.UsageFault_Handler)
    WKUP_Init                                0x08002fc9   Thumb Code    88  wkup.o(i.WKUP_Init)
    _is_digit                                0x0800302d   Thumb Code    14  __printf_wp.o(i._is_digit)
    _sys_exit                                0x0800303b   Thumb Code     2  usart.o(i._sys_exit)
    delay_init                               0x0800303d   Thumb Code    16  delay.o(i.delay_init)
    delay_ms                                 0x08003051   Thumb Code    26  delay.o(i.delay_ms)
    delay_us                                 0x0800306d   Thumb Code    48  delay.o(i.delay_us)
    fputc                                    0x080030a1   Thumb Code    18  usart.o(i.fputc)
    main                                     0x080030b9   Thumb Code   150  main.o(i.main)
    read_addr                                0x08003195   Thumb Code     4  usmart.o(i.read_addr)
    uart_init                                0x08003199   Thumb Code    60  usart.o(i.uart_init)
    usmart_cmd_rec                           0x080031dd   Thumb Code   144  usmart.o(i.usmart_cmd_rec)
    usmart_exe                               0x08003271   Thumb Code   510  usmart.o(i.usmart_exe)
    usmart_get_aparm                         0x080034d1   Thumb Code   164  usmart_str.o(i.usmart_get_aparm)
    usmart_get_cmdname                       0x08003575   Thumb Code    46  usmart_str.o(i.usmart_get_cmdname)
    usmart_get_fname                         0x080035a5   Thumb Code   352  usmart_str.o(i.usmart_get_fname)
    usmart_get_fparam                        0x08003715   Thumb Code   202  usmart_str.o(i.usmart_get_fparam)
    usmart_get_parmpos                       0x080037e5   Thumb Code    30  usmart_str.o(i.usmart_get_parmpos)
    usmart_get_runtime                       0x08003809   Thumb Code    38  usmart.o(i.usmart_get_runtime)
    usmart_init                              0x08003839   Thumb Code    36  usmart.o(i.usmart_init)
    usmart_pow                               0x08003861   Thumb Code    16  usmart_str.o(i.usmart_pow)
    usmart_reset_runtime                     0x08003871   Thumb Code    32  usmart.o(i.usmart_reset_runtime)
    usmart_scan                              0x08003899   Thumb Code    94  usmart.o(i.usmart_scan)
    usmart_search_nextc                      0x0800393d   Thumb Code    16  usmart_str.o(i.usmart_search_nextc)
    usmart_str2num                           0x0800394d   Thumb Code   214  usmart_str.o(i.usmart_str2num)
    usmart_strcmp                            0x08003a23   Thumb Code    24  usmart_str.o(i.usmart_strcmp)
    usmart_strcopy                           0x08003a3b   Thumb Code    18  usmart_str.o(i.usmart_strcopy)
    usmart_strlen                            0x08003a4d   Thumb Code    18  usmart_str.o(i.usmart_strlen)
    usmart_sys_cmd_exe                       0x08003a61   Thumb Code  1458  usmart.o(i.usmart_sys_cmd_exe)
    write_addr                               0x080040e1   Thumb Code     4  usmart.o(i.write_addr)
    _fp_init                                 0x080040e5   Thumb Code    10  fpinit.o(x$fpl$fpinit)
    __fplib_config_fpu_vfp                   0x080040ed   Thumb Code     0  fpinit.o(x$fpl$fpinit)
    __fplib_config_pureend_doubles           0x080040ed   Thumb Code     0  fpinit.o(x$fpl$fpinit)
    AHBPrescTable                            0x080040f0   Data          16  system_stm32l4xx.o(.constdata)
    MSIRangeTable                            0x08004100   Data          48  system_stm32l4xx.o(.constdata)
    APBPrescTable                            0x08004130   Data           8  system_stm32l4xx.o(.constdata)
    asc2_1206                                0x08004138   Data        1140  lcd.o(.constdata)
    asc2_1608                                0x080045ac   Data        1520  lcd.o(.constdata)
    asc2_2412                                0x08004b9c   Data        4560  lcd.o(.constdata)
    asc2_3216                                0x08005d6c   Data       12160  lcd.o(.constdata)
    ALIENTEK_LOGO                            0x08008cec   Data       39360  lcd.o(.constdata)
    Region$$Table$$Base                      0x08012950   Number         0  anon$$obj.o(Region$$Table)
    Region$$Table$$Limit                     0x08012970   Number         0  anon$$obj.o(Region$$Table)
    SystemCoreClock                          0x20000000   Data           4  system_stm32l4xx.o(.data)
    uwTick                                   0x20000004   Data           4  stm32l4xx_hal.o(.data)
    USART_RX_STA                             0x2000000c   Data           2  usart.o(.data)
    __stdout                                 0x20000010   Data           4  usart.o(.data)
    POINT_COLOR                              0x20000014   Data           2  lcd.o(.data)
    BACK_COLOR                               0x20000016   Data           2  lcd.o(.data)
    sys_cmd_tab                              0x20000018   Data          28  usmart.o(.data)
    usmart_nametab                           0x20000034   Data         104  usmart_config.o(.data)
    usmart_dev                               0x2000009c   Data         244  usmart_config.o(.data)
    USART_RX_BUF                             0x20000190   Data         200  usart.o(.bss)
    UART1_Handler                            0x20000258   Data         120  usart.o(.bss)
    TIM3_Handler                             0x200002d0   Data          64  timer.o(.bss)
    SPI3_Handler                             0x20000790   Data         100  spi3.o(.bss)
    RTC_Handler                              0x200007f4   Data          36  wkup.o(.bss)
    TIM4_Handler                             0x20000818   Data          64  usmart.o(.bss)
    __libspace_start                         0x20000858   Data          96  libspace.o(.bss)
    __temporary_stack_top$libspace           0x200008b8   Data           0  libspace.o(.bss)



==============================================================================

Memory Map of the image

  Image Entry point : 0x08000189

  Load Region LR_IROM1 (Base: 0x08000000, Size: 0x00012b00, Max: 0x00080000, ABSOLUTE, COMPRESSED[0x00012a00])

    Execution Region ER_IROM1 (Exec base: 0x08000000, Load base: 0x08000000, Size: 0x00012970, Max: 0x00080000, ABSOLUTE)

    Exec Addr    Load Addr    Size         Type   Attr      Idx    E Section Name        Object

    0x08000000   0x08000000   0x00000188   Data   RO          540    RESET               startup_stm32l475xx.o
    0x08000188   0x08000188   0x00000008   Code   RO         4569  * !!!main             c_w.l(__main.o)
    0x08000190   0x08000190   0x00000034   Code   RO         4753    !!!scatter          c_w.l(__scatter.o)
    0x080001c4   0x080001c4   0x0000005a   Code   RO         4751    !!dczerorl2         c_w.l(__dczerorl2.o)
    0x0800021e   0x0800021e   0x00000002   PAD
    0x08000220   0x08000220   0x0000001c   Code   RO         4755    !!handler_zi        c_w.l(__scatter_zi.o)
    0x0800023c   0x0800023c   0x00000000   Code   RO         4566    .ARM.Collect$$_printf_percent$$00000000  c_w.l(_printf_percent.o)
    0x0800023c   0x0800023c   0x00000006   Code   RO         4564    .ARM.Collect$$_printf_percent$$00000009  c_w.l(_printf_d.o)
    0x08000242   0x08000242   0x00000006   Code   RO         4565    .ARM.Collect$$_printf_percent$$0000000A  c_w.l(_printf_u.o)
    0x08000248   0x08000248   0x00000006   Code   RO         4563    .ARM.Collect$$_printf_percent$$0000000C  c_w.l(_printf_x.o)
    0x0800024e   0x0800024e   0x00000006   Code   RO         4561    .ARM.Collect$$_printf_percent$$00000013  c_w.l(_printf_c.o)
    0x08000254   0x08000254   0x00000006   Code   RO         4562    .ARM.Collect$$_printf_percent$$00000014  c_w.l(_printf_s.o)
    0x0800025a   0x0800025a   0x00000004   Code   RO         4584    .ARM.Collect$$_printf_percent$$00000017  c_w.l(_printf_percent_end.o)
    0x0800025e   0x0800025e   0x00000002   Code   RO         4623    .ARM.Collect$$libinit$$00000000  c_w.l(libinit.o)
    0x08000260   0x08000260   0x00000004   Code   RO         4635    .ARM.Collect$$libinit$$00000001  c_w.l(libinit2.o)
    0x08000264   0x08000264   0x00000000   Code   RO         4638    .ARM.Collect$$libinit$$00000004  c_w.l(libinit2.o)
    0x08000264   0x08000264   0x00000000   Code   RO         4641    .ARM.Collect$$libinit$$0000000A  c_w.l(libinit2.o)
    0x08000264   0x08000264   0x00000000   Code   RO         4643    .ARM.Collect$$libinit$$0000000C  c_w.l(libinit2.o)
    0x08000264   0x08000264   0x00000000   Code   RO         4645    .ARM.Collect$$libinit$$0000000E  c_w.l(libinit2.o)
    0x08000264   0x08000264   0x00000000   Code   RO         4648    .ARM.Collect$$libinit$$00000011  c_w.l(libinit2.o)
    0x08000264   0x08000264   0x00000000   Code   RO         4650    .ARM.Collect$$libinit$$00000013  c_w.l(libinit2.o)
    0x08000264   0x08000264   0x00000000   Code   RO         4652    .ARM.Collect$$libinit$$00000015  c_w.l(libinit2.o)
    0x08000264   0x08000264   0x00000000   Code   RO         4654    .ARM.Collect$$libinit$$00000017  c_w.l(libinit2.o)
    0x08000264   0x08000264   0x00000000   Code   RO         4656    .ARM.Collect$$libinit$$00000019  c_w.l(libinit2.o)
    0x08000264   0x08000264   0x00000000   Code   RO         4658    .ARM.Collect$$libinit$$0000001B  c_w.l(libinit2.o)
    0x08000264   0x08000264   0x00000000   Code   RO         4660    .ARM.Collect$$libinit$$0000001D  c_w.l(libinit2.o)
    0x08000264   0x08000264   0x00000000   Code   RO         4662    .ARM.Collect$$libinit$$0000001F  c_w.l(libinit2.o)
    0x08000264   0x08000264   0x00000000   Code   RO         4664    .ARM.Collect$$libinit$$00000021  c_w.l(libinit2.o)
    0x08000264   0x08000264   0x00000000   Code   RO         4666    .ARM.Collect$$libinit$$00000023  c_w.l(libinit2.o)
    0x08000264   0x08000264   0x00000000   Code   RO         4668    .ARM.Collect$$libinit$$00000025  c_w.l(libinit2.o)
    0x08000264   0x08000264   0x00000000   Code   RO         4672    .ARM.Collect$$libinit$$0000002C  c_w.l(libinit2.o)
    0x08000264   0x08000264   0x00000000   Code   RO         4674    .ARM.Collect$$libinit$$0000002E  c_w.l(libinit2.o)
    0x08000264   0x08000264   0x00000000   Code   RO         4676    .ARM.Collect$$libinit$$00000030  c_w.l(libinit2.o)
    0x08000264   0x08000264   0x00000000   Code   RO         4678    .ARM.Collect$$libinit$$00000032  c_w.l(libinit2.o)
    0x08000264   0x08000264   0x00000002   Code   RO         4679    .ARM.Collect$$libinit$$00000033  c_w.l(libinit2.o)
    0x08000266   0x08000266   0x00000002   Code   RO         4705    .ARM.Collect$$libshutdown$$00000000  c_w.l(libshutdown.o)
    0x08000268   0x08000268   0x00000000   Code   RO         4732    .ARM.Collect$$libshutdown$$00000002  c_w.l(libshutdown2.o)
    0x08000268   0x08000268   0x00000000   Code   RO         4734    .ARM.Collect$$libshutdown$$00000004  c_w.l(libshutdown2.o)
    0x08000268   0x08000268   0x00000000   Code   RO         4736    .ARM.Collect$$libshutdown$$00000006  c_w.l(libshutdown2.o)
    0x08000268   0x08000268   0x00000000   Code   RO         4739    .ARM.Collect$$libshutdown$$00000009  c_w.l(libshutdown2.o)
    0x08000268   0x08000268   0x00000000   Code   RO         4742    .ARM.Collect$$libshutdown$$0000000C  c_w.l(libshutdown2.o)
    0x08000268   0x08000268   0x00000000   Code   RO         4744    .ARM.Collect$$libshutdown$$0000000E  c_w.l(libshutdown2.o)
    0x08000268   0x08000268   0x00000000   Code   RO         4747    .ARM.Collect$$libshutdown$$00000011  c_w.l(libshutdown2.o)
    0x08000268   0x08000268   0x00000002   Code   RO         4748    .ARM.Collect$$libshutdown$$00000012  c_w.l(libshutdown2.o)
    0x0800026a   0x0800026a   0x00000000   Code   RO         4573    .ARM.Collect$$rtentry$$00000000  c_w.l(__rtentry.o)
    0x0800026a   0x0800026a   0x00000000   Code   RO         4586    .ARM.Collect$$rtentry$$00000002  c_w.l(__rtentry2.o)
    0x0800026a   0x0800026a   0x00000006   Code   RO         4598    .ARM.Collect$$rtentry$$00000004  c_w.l(__rtentry4.o)
    0x08000270   0x08000270   0x00000000   Code   RO         4588    .ARM.Collect$$rtentry$$00000009  c_w.l(__rtentry2.o)
    0x08000270   0x08000270   0x00000004   Code   RO         4589    .ARM.Collect$$rtentry$$0000000A  c_w.l(__rtentry2.o)
    0x08000274   0x08000274   0x00000000   Code   RO         4591    .ARM.Collect$$rtentry$$0000000C  c_w.l(__rtentry2.o)
    0x08000274   0x08000274   0x00000008   Code   RO         4592    .ARM.Collect$$rtentry$$0000000D  c_w.l(__rtentry2.o)
    0x0800027c   0x0800027c   0x00000002   Code   RO         4627    .ARM.Collect$$rtexit$$00000000  c_w.l(rtexit.o)
    0x0800027e   0x0800027e   0x00000000   Code   RO         4681    .ARM.Collect$$rtexit$$00000002  c_w.l(rtexit2.o)
    0x0800027e   0x0800027e   0x00000004   Code   RO         4682    .ARM.Collect$$rtexit$$00000003  c_w.l(rtexit2.o)
    0x08000282   0x08000282   0x00000006   Code   RO         4683    .ARM.Collect$$rtexit$$00000004  c_w.l(rtexit2.o)
    0x08000288   0x08000288   0x00000040   Code   RO          541    .text               startup_stm32l475xx.o
    0x080002c8   0x080002c8   0x00000002   Code   RO         4504    .text               c_w.l(use_no_semi_2.o)
    0x080002ca   0x080002ca   0x000000ee   Code   RO         4506    .text               c_w.l(lludivv7m.o)
    0x080003b8   0x080003b8   0x00000018   Code   RO         4510    .text               c_w.l(noretval__2printf.o)
    0x080003d0   0x080003d0   0x0000004e   Code   RO         4514    .text               c_w.l(_printf_pad.o)
    0x0800041e   0x0800041e   0x00000052   Code   RO         4516    .text               c_w.l(_printf_str.o)
    0x08000470   0x08000470   0x00000078   Code   RO         4518    .text               c_w.l(_printf_dec.o)
    0x080004e8   0x080004e8   0x00000058   Code   RO         4523    .text               c_w.l(_printf_hex_int.o)
    0x08000540   0x08000540   0x0000018e   Code   RO         4558    .text               c_w.l(__printf_flags_ss_wp.o)
    0x080006ce   0x080006ce   0x00000006   Code   RO         4567    .text               c_w.l(heapauxi.o)
    0x080006d4   0x080006d4   0x00000002   Code   RO         4571    .text               c_w.l(use_no_semi.o)
    0x080006d6   0x080006d6   0x000000b2   Code   RO         4578    .text               c_w.l(_printf_intcommon.o)
    0x08000788   0x08000788   0x0000002c   Code   RO         4580    .text               c_w.l(_printf_char.o)
    0x080007b4   0x080007b4   0x00000024   Code   RO         4582    .text               c_w.l(_printf_char_file.o)
    0x080007d8   0x080007d8   0x00000030   Code   RO         4602    .text               c_w.l(_printf_char_common.o)
    0x08000808   0x08000808   0x00000008   Code   RO         4604    .text               c_w.l(ferror.o)
    0x08000810   0x08000810   0x0000004a   Code   RO         4608    .text               c_w.l(sys_stackheap_outer.o)
    0x0800085a   0x0800085a   0x00000012   Code   RO         4612    .text               c_w.l(exit.o)
    0x0800086c   0x0800086c   0x00000008   Code   RO         4624    .text               c_w.l(libspace.o)
    0x08000874   0x08000874   0x00000002   Code   RO          316    i.BusFault_Handler  stm32l4xx_it.o
    0x08000876   0x08000876   0x00000002   PAD
    0x08000878   0x08000878   0x0000006c   Code   RO         4253    i.Check_WKUP        wkup.o
    0x080008e4   0x080008e4   0x00000002   Code   RO          317    i.DebugMon_Handler  stm32l4xx_it.o
    0x080008e6   0x080008e6   0x00000002   PAD
    0x080008e8   0x080008e8   0x00000014   Code   RO         3989    i.Display_ALIENTEK_LOGO  lcd.o
    0x080008fc   0x080008fc   0x00000008   Code   RO         4254    i.EXTI15_10_IRQHandler  wkup.o
    0x08000904   0x08000904   0x0000004e   Code   RO         2270    i.HAL_DMA_Abort_IT  stm32l4xx_hal_dma.o
    0x08000952   0x08000952   0x0000001a   Code   RO         4255    i.HAL_GPIO_EXTI_Callback  wkup.o
    0x0800096c   0x0800096c   0x00000018   Code   RO          901    i.HAL_GPIO_EXTI_IRQHandler  stm32l4xx_hal_gpio.o
    0x08000984   0x08000984   0x000001d2   Code   RO          902    i.HAL_GPIO_Init     stm32l4xx_hal_gpio.o
    0x08000b56   0x08000b56   0x0000000a   Code   RO          904    i.HAL_GPIO_ReadPin  stm32l4xx_hal_gpio.o
    0x08000b60   0x08000b60   0x00000008   Code   RO          905    i.HAL_GPIO_TogglePin  stm32l4xx_hal_gpio.o
    0x08000b68   0x08000b68   0x0000000a   Code   RO          906    i.HAL_GPIO_WritePin  stm32l4xx_hal_gpio.o
    0x08000b72   0x08000b72   0x00000002   PAD
    0x08000b74   0x08000b74   0x0000000c   Code   RO          559    i.HAL_GetTick       stm32l4xx_hal.o
    0x08000b80   0x08000b80   0x00000010   Code   RO          563    i.HAL_IncTick       stm32l4xx_hal.o
    0x08000b90   0x08000b90   0x0000001e   Code   RO          564    i.HAL_Init          stm32l4xx_hal.o
    0x08000bae   0x08000bae   0x00000002   PAD
    0x08000bb0   0x08000bb0   0x00000030   Code   RO          565    i.HAL_InitTick      stm32l4xx_hal.o
    0x08000be0   0x08000be0   0x00000002   Code   RO          567    i.HAL_MspInit       stm32l4xx_hal.o
    0x08000be2   0x08000be2   0x00000016   Code   RO          769    i.HAL_NVIC_EnableIRQ  stm32l4xx_hal_cortex.o
    0x08000bf8   0x08000bf8   0x00000040   Code   RO          775    i.HAL_NVIC_SetPriority  stm32l4xx_hal_cortex.o
    0x08000c38   0x08000c38   0x00000024   Code   RO          776    i.HAL_NVIC_SetPriorityGrouping  stm32l4xx_hal_cortex.o
    0x08000c5c   0x08000c5c   0x00000068   Code   RO         1080    i.HAL_PWREx_ControlVoltageScaling  stm32l4xx_hal_pwr_ex.o
    0x08000cc4   0x08000cc4   0x000000a0   Code   RO         1095    i.HAL_PWREx_EnableGPIOPullDown  stm32l4xx_hal_pwr_ex.o
    0x08000d64   0x08000d64   0x00000010   Code   RO         1103    i.HAL_PWREx_EnablePullUpPullDownConfig  stm32l4xx_hal_pwr_ex.o
    0x08000d74   0x08000d74   0x00000010   Code   RO         1111    i.HAL_PWREx_GetVoltageRange  stm32l4xx_hal_pwr_ex.o
    0x08000d84   0x08000d84   0x00000010   Code   RO          972    i.HAL_PWR_EnableBkUpAccess  stm32l4xx_hal_pwr.o
    0x08000d94   0x08000d94   0x0000001c   Code   RO          976    i.HAL_PWR_EnableWakeUpPin  stm32l4xx_hal_pwr.o
    0x08000db0   0x08000db0   0x00000024   Code   RO          978    i.HAL_PWR_EnterSTANDBYMode  stm32l4xx_hal_pwr.o
    0x08000dd4   0x08000dd4   0x00000124   Code   RO         1326    i.HAL_RCC_ClockConfig  stm32l4xx_hal_rcc.o
    0x08000ef8   0x08000ef8   0x00000024   Code   RO         1332    i.HAL_RCC_GetPCLK1Freq  stm32l4xx_hal_rcc.o
    0x08000f1c   0x08000f1c   0x00000024   Code   RO         1333    i.HAL_RCC_GetPCLK2Freq  stm32l4xx_hal_rcc.o
    0x08000f40   0x08000f40   0x000000a8   Code   RO         1334    i.HAL_RCC_GetSysClockFreq  stm32l4xx_hal_rcc.o
    0x08000fe8   0x08000fe8   0x00000454   Code   RO         1337    i.HAL_RCC_OscConfig  stm32l4xx_hal_rcc.o
    0x0800143c   0x0800143c   0x000000ac   Code   RO         3290    i.HAL_SPI_Init      stm32l4xx_hal_spi.o
    0x080014e8   0x080014e8   0x00000050   Code   RO         4160    i.HAL_SPI_MspInit   spi3.o
    0x08001538   0x08001538   0x00000188   Code   RO         3298    i.HAL_SPI_Transmit  stm32l4xx_hal_spi.o
    0x080016c0   0x080016c0   0x00000018   Code   RO          778    i.HAL_SYSTICK_CLKSourceConfig  stm32l4xx_hal_cortex.o
    0x080016d8   0x080016d8   0x00000028   Code   RO          780    i.HAL_SYSTICK_Config  stm32l4xx_hal_cortex.o
    0x08001700   0x08001700   0x00000002   Code   RO         3022    i.HAL_TIMEx_Break2Callback  stm32l4xx_hal_tim_ex.o
    0x08001702   0x08001702   0x00000002   Code   RO         3023    i.HAL_TIMEx_BreakCallback  stm32l4xx_hal_tim_ex.o
    0x08001704   0x08001704   0x00000002   Code   RO         3024    i.HAL_TIMEx_CommutationCallback  stm32l4xx_hal_tim_ex.o
    0x08001706   0x08001706   0x00000036   Code   RO         2383    i.HAL_TIM_Base_Init  stm32l4xx_hal_tim.o
    0x0800173c   0x0800173c   0x0000003c   Code   RO         3941    i.HAL_TIM_Base_MspInit  timer.o
    0x08001778   0x08001778   0x00000030   Code   RO         2388    i.HAL_TIM_Base_Start_IT  stm32l4xx_hal_tim.o
    0x080017a8   0x080017a8   0x00000002   Code   RO         2412    i.HAL_TIM_IC_CaptureCallback  stm32l4xx_hal_tim.o
    0x080017aa   0x080017aa   0x00000184   Code   RO         2425    i.HAL_TIM_IRQHandler  stm32l4xx_hal_tim.o
    0x0800192e   0x0800192e   0x00000002   Code   RO         2428    i.HAL_TIM_OC_DelayElapsedCallback  stm32l4xx_hal_tim.o
    0x08001930   0x08001930   0x00000002   Code   RO         2455    i.HAL_TIM_PWM_PulseFinishedCallback  stm32l4xx_hal_tim.o
    0x08001932   0x08001932   0x00000002   PAD
    0x08001934   0x08001934   0x0000001c   Code   RO         3942    i.HAL_TIM_PeriodElapsedCallback  timer.o
    0x08001950   0x08001950   0x00000002   Code   RO         2466    i.HAL_TIM_TriggerCallback  stm32l4xx_hal_tim.o
    0x08001952   0x08001952   0x00000002   Code   RO         1930    i.HAL_UARTEx_WakeupCallback  stm32l4xx_hal_uart_ex.o
    0x08001954   0x08001954   0x00000002   Code   RO         1589    i.HAL_UART_ErrorCallback  stm32l4xx_hal_uart.o
    0x08001956   0x08001956   0x00000002   PAD
    0x08001958   0x08001958   0x00000144   Code   RO         1592    i.HAL_UART_IRQHandler  stm32l4xx_hal_uart.o
    0x08001a9c   0x08001a9c   0x0000006a   Code   RO         1593    i.HAL_UART_Init     stm32l4xx_hal_uart.o
    0x08001b06   0x08001b06   0x00000002   PAD
    0x08001b08   0x08001b08   0x00000068   Code   RO         3798    i.HAL_UART_MspInit  usart.o
    0x08001b70   0x08001b70   0x000000ee   Code   RO         1596    i.HAL_UART_Receive  stm32l4xx_hal_uart.o
    0x08001c5e   0x08001c5e   0x00000002   Code   RO         1604    i.HAL_UART_TxCpltCallback  stm32l4xx_hal_uart.o
    0x08001c60   0x08001c60   0x00000002   Code   RO          318    i.HardFault_Handler  stm32l4xx_it.o
    0x08001c62   0x08001c62   0x00000052   Code   RO         3990    i.LCD_Address_Set   lcd.o
    0x08001cb4   0x08001cb4   0x00000058   Code   RO         3991    i.LCD_Clear         lcd.o
    0x08001d0c   0x08001d0c   0x000000f4   Code   RO         3994    i.LCD_DrawLine      lcd.o
    0x08001e00   0x08001e00   0x0000003a   Code   RO         3995    i.LCD_DrawRectangle  lcd.o
    0x08001e3a   0x08001e3a   0x000000d2   Code   RO         3996    i.LCD_Draw_Circle   lcd.o
    0x08001f0c   0x08001f0c   0x0000001c   Code   RO         3998    i.LCD_Draw_Point    lcd.o
    0x08001f28   0x08001f28   0x00000080   Code   RO         3999    i.LCD_Fill          lcd.o
    0x08001fa8   0x08001fa8   0x000000a4   Code   RO         4001    i.LCD_Gpio_Init     lcd.o
    0x0800204c   0x0800204c   0x000001a0   Code   RO         4002    i.LCD_Init          lcd.o
    0x080021ec   0x080021ec   0x00000010   Code   RO         4003    i.LCD_Pow           lcd.o
    0x080021fc   0x080021fc   0x0000003e   Code   RO         4004    i.LCD_SPI_Send      lcd.o
    0x0800223a   0x0800223a   0x00000002   PAD
    0x0800223c   0x0800223c   0x00000142   Code   RO         4005    i.LCD_ShowChar      lcd.o
    0x0800237e   0x0800237e   0x00000070   Code   RO         4006    i.LCD_ShowNum       lcd.o
    0x080023ee   0x080023ee   0x0000004c   Code   RO         4007    i.LCD_ShowString    lcd.o
    0x0800243a   0x0800243a   0x00000002   PAD
    0x0800243c   0x0800243c   0x00000048   Code   RO         4008    i.LCD_Show_Image    lcd.o
    0x08002484   0x08002484   0x00000080   Code   RO         4009    i.LCD_ShowxNum      lcd.o
    0x08002504   0x08002504   0x0000001c   Code   RO         4010    i.LCD_Write_Cmd     lcd.o
    0x08002520   0x08002520   0x0000001c   Code   RO         4011    i.LCD_Write_Data    lcd.o
    0x0800253c   0x0800253c   0x00000028   Code   RO         4012    i.LCD_Write_HalfWord  lcd.o
    0x08002564   0x08002564   0x00000048   Code   RO         3859    i.LED_Init          led.o
    0x080025ac   0x080025ac   0x00000002   Code   RO          319    i.MemManage_Handler  stm32l4xx_it.o
    0x080025ae   0x080025ae   0x00000002   Code   RO          320    i.NMI_Handler       stm32l4xx_it.o
    0x080025b0   0x080025b0   0x00000020   Code   RO          782    i.NVIC_SetPriority  stm32l4xx_hal_cortex.o
    0x080025d0   0x080025d0   0x00000002   Code   RO          321    i.PendSV_Handler    stm32l4xx_it.o
    0x080025d2   0x080025d2   0x00000002   PAD
    0x080025d4   0x080025d4   0x0000007c   Code   RO         1338    i.RCC_SetFlashLatencyFromMSIRange  stm32l4xx_hal_rcc.o
    0x08002650   0x08002650   0x0000004c   Code   RO         4161    i.SPI3_Init         spi3.o
    0x0800269c   0x0800269c   0x00000014   Code   RO         4163    i.SPI3_WriteByte    spi3.o
    0x080026b0   0x080026b0   0x00000048   Code   RO         3328    i.SPI_EndRxTxTransaction  stm32l4xx_hal_spi.o
    0x080026f8   0x080026f8   0x00000096   Code   RO         3333    i.SPI_WaitFifoStateUntilTimeout  stm32l4xx_hal_spi.o
    0x0800278e   0x0800278e   0x00000094   Code   RO         3334    i.SPI_WaitFlagStateUntilTimeout  stm32l4xx_hal_spi.o
    0x08002822   0x08002822   0x00000002   Code   RO          322    i.SVC_Handler       stm32l4xx_it.o
    0x08002824   0x08002824   0x00000004   Code   RO          323    i.SysTick_Handler   stm32l4xx_it.o
    0x08002828   0x08002828   0x000000b0   Code   RO         4256    i.Sys_Enter_Standby  wkup.o
    0x080028d8   0x080028d8   0x00000070   Code   RO         3733    i.SystemClock_Config  sys.o
    0x08002948   0x08002948   0x00000044   Code   RO          395    i.SystemInit        system_stm32l4xx.o
    0x0800298c   0x0800298c   0x0000000c   Code   RO         3943    i.TIM3_IRQHandler   timer.o
    0x08002998   0x08002998   0x00000034   Code   RO         4304    i.TIM4_IRQHandler   usmart.o
    0x080029cc   0x080029cc   0x000000c0   Code   RO         2467    i.TIM_Base_SetConfig  stm32l4xx_hal_tim.o
    0x08002a8c   0x08002a8c   0x00000054   Code   RO         4305    i.Timer4_Init       usmart.o
    0x08002ae0   0x08002ae0   0x000000c8   Code   RO         1606    i.UART_AdvFeatureConfig  stm32l4xx_hal_uart.o
    0x08002ba8   0x08002ba8   0x0000005c   Code   RO         1607    i.UART_CheckIdleState  stm32l4xx_hal_uart.o
    0x08002c04   0x08002c04   0x00000014   Code   RO         1608    i.UART_DMAAbortOnError  stm32l4xx_hal_uart.o
    0x08002c18   0x08002c18   0x00000020   Code   RO         1618    i.UART_EndRxTransfer  stm32l4xx_hal_uart.o
    0x08002c38   0x08002c38   0x000002bc   Code   RO         1622    i.UART_SetConfig    stm32l4xx_hal_uart.o
    0x08002ef4   0x08002ef4   0x00000062   Code   RO         1625    i.UART_WaitOnFlagUntilTimeout  stm32l4xx_hal_uart.o
    0x08002f56   0x08002f56   0x00000002   PAD
    0x08002f58   0x08002f58   0x0000006c   Code   RO         3799    i.USART1_IRQHandler  usart.o
    0x08002fc4   0x08002fc4   0x00000002   Code   RO          324    i.UsageFault_Handler  stm32l4xx_it.o
    0x08002fc6   0x08002fc6   0x00000002   PAD
    0x08002fc8   0x08002fc8   0x00000064   Code   RO         4257    i.WKUP_Init         wkup.o
    0x0800302c   0x0800302c   0x0000000e   Code   RO         4551    i._is_digit         c_w.l(__printf_wp.o)
    0x0800303a   0x0800303a   0x00000002   Code   RO         3800    i._sys_exit         usart.o
    0x0800303c   0x0800303c   0x00000014   Code   RO         3760    i.delay_init        delay.o
    0x08003050   0x08003050   0x0000001a   Code   RO         3761    i.delay_ms          delay.o
    0x0800306a   0x0800306a   0x00000002   PAD
    0x0800306c   0x0800306c   0x00000034   Code   RO         3762    i.delay_us          delay.o
    0x080030a0   0x080030a0   0x00000018   Code   RO         3801    i.fputc             usart.o
    0x080030b8   0x080030b8   0x000000dc   Code   RO            4    i.main              main.o
    0x08003194   0x08003194   0x00000004   Code   RO         4306    i.read_addr         usmart.o
    0x08003198   0x08003198   0x00000044   Code   RO         3802    i.uart_init         usart.o
    0x080031dc   0x080031dc   0x00000094   Code   RO         4307    i.usmart_cmd_rec    usmart.o
    0x08003270   0x08003270   0x00000260   Code   RO         4308    i.usmart_exe        usmart.o
    0x080034d0   0x080034d0   0x000000a4   Code   RO         4426    i.usmart_get_aparm  usmart_str.o
    0x08003574   0x08003574   0x0000002e   Code   RO         4427    i.usmart_get_cmdname  usmart_str.o
    0x080035a2   0x080035a2   0x00000002   PAD
    0x080035a4   0x080035a4   0x0000016e   Code   RO         4428    i.usmart_get_fname  usmart_str.o
    0x08003712   0x08003712   0x00000002   PAD
    0x08003714   0x08003714   0x000000d0   Code   RO         4429    i.usmart_get_fparam  usmart_str.o
    0x080037e4   0x080037e4   0x00000024   Code   RO         4430    i.usmart_get_parmpos  usmart_str.o
    0x08003808   0x08003808   0x00000030   Code   RO         4309    i.usmart_get_runtime  usmart.o
    0x08003838   0x08003838   0x00000028   Code   RO         4310    i.usmart_init       usmart.o
    0x08003860   0x08003860   0x00000010   Code   RO         4431    i.usmart_pow        usmart_str.o
    0x08003870   0x08003870   0x00000028   Code   RO         4311    i.usmart_reset_runtime  usmart.o
    0x08003898   0x08003898   0x000000a4   Code   RO         4312    i.usmart_scan       usmart.o
    0x0800393c   0x0800393c   0x00000010   Code   RO         4432    i.usmart_search_nextc  usmart_str.o
    0x0800394c   0x0800394c   0x000000d6   Code   RO         4433    i.usmart_str2num    usmart_str.o
    0x08003a22   0x08003a22   0x00000018   Code   RO         4434    i.usmart_strcmp     usmart_str.o
    0x08003a3a   0x08003a3a   0x00000012   Code   RO         4435    i.usmart_strcopy    usmart_str.o
    0x08003a4c   0x08003a4c   0x00000012   Code   RO         4436    i.usmart_strlen     usmart_str.o
    0x08003a5e   0x08003a5e   0x00000002   PAD
    0x08003a60   0x08003a60   0x00000680   Code   RO         4313    i.usmart_sys_cmd_exe  usmart.o
    0x080040e0   0x080040e0   0x00000004   Code   RO         4314    i.write_addr        usmart.o
    0x080040e4   0x080040e4   0x0000000a   Code   RO         4693    x$fpl$fpinit        fz_wm.l(fpinit.o)
    0x080040ee   0x080040ee   0x00000002   PAD
    0x080040f0   0x080040f0   0x00000040   Data   RO          396    .constdata          system_stm32l4xx.o
    0x08004130   0x08004130   0x00000008   Data   RO          397    .constdata          system_stm32l4xx.o
    0x08004138   0x08004138   0x0000e574   Data   RO         4014    .constdata          lcd.o
    0x080126ac   0x080126ac   0x00000028   Data   RO         4524    .constdata          c_w.l(_printf_hex_int.o)
    0x080126d4   0x080126d4   0x00000011   Data   RO         4559    .constdata          c_w.l(__printf_flags_ss_wp.o)
    0x080126e5   0x080126e5   0x00000003   PAD
    0x080126e8   0x080126e8   0x00000028   Data   RO         4316    .conststring        usmart.o
    0x08012710   0x08012710   0x00000240   Data   RO         4400    .conststring        usmart_config.o
    0x08012950   0x08012950   0x00000020   Data   RO         4749    Region$$Table       anon$$obj.o


    Execution Region RW_IRAM1 (Exec base: 0x20000000, Load base: 0x08012970, Size: 0x00000eb8, Max: 0x00018000, ABSOLUTE, COMPRESSED[0x00000090])

    Exec Addr    Load Addr    Size         Type   Attr      Idx    E Section Name        Object

    0x20000000   COMPRESSED   0x00000004   Data   RW          398    .data               system_stm32l4xx.o
    0x20000004   COMPRESSED   0x00000004   Data   RW          580    .data               stm32l4xx_hal.o
    0x20000008   COMPRESSED   0x00000004   Data   RW         3763    .data               delay.o
    0x2000000c   COMPRESSED   0x00000002   Data   RW         3804    .data               usart.o
    0x2000000e   COMPRESSED   0x00000002   PAD
    0x20000010   COMPRESSED   0x00000004   Data   RW         3805    .data               usart.o
    0x20000014   COMPRESSED   0x00000004   Data   RW         4015    .data               lcd.o
    0x20000018   COMPRESSED   0x0000001c   Data   RW         4317    .data               usmart.o
    0x20000034   COMPRESSED   0x00000068   Data   RW         4401    .data               usmart_config.o
    0x2000009c   COMPRESSED   0x000000f4   Data   RW         4402    .data               usmart_config.o
    0x20000190        -       0x00000140   Zero   RW         3803    .bss                usart.o
    0x200002d0        -       0x00000040   Zero   RW         3945    .bss                timer.o
    0x20000310        -       0x00000480   Zero   RW         4013    .bss                lcd.o
    0x20000790        -       0x00000064   Zero   RW         4164    .bss                spi3.o
    0x200007f4        -       0x00000024   Zero   RW         4258    .bss                wkup.o
    0x20000818        -       0x00000040   Zero   RW         4315    .bss                usmart.o
    0x20000858        -       0x00000060   Zero   RW         4625    .bss                c_w.l(libspace.o)
    0x200008b8        -       0x00000200   Zero   RW          539    HEAP                startup_stm32l475xx.o
    0x20000ab8        -       0x00000400   Zero   RW          538    STACK               startup_stm32l475xx.o


==============================================================================

Image component sizes


      Code (inc. data)   RO Data    RW Data    ZI Data      Debug   Object Name

        98          8          0          4          0       1975   delay.o
      2322        100      58740          4       1152      16574   lcd.o
        72         10          0          0          0        879   led.o
       220         70          0          0          0     825559   main.o
       176         26          0          0        100       2338   spi3.o
        64         26        392          0       1536        832   startup_stm32l475xx.o
       108         18          0          4          0       4105   stm32l4xx_hal.o
       218         14          0          0          0      30945   stm32l4xx_hal_cortex.o
        78          0          0          0          0       1099   stm32l4xx_hal_dma.o
       518         42          0          0          0       4523   stm32l4xx_hal_gpio.o
        80         18          0          0          0       1712   stm32l4xx_hal_pwr.o
       296         36          0          0          0       3004   stm32l4xx_hal_pwr_ex.o
      1764         86          0          0          0       7160   stm32l4xx_hal_rcc.o
       934          0          0          0          0       5526   stm32l4xx_hal_spi.o
       690         36          0          0          0       6969   stm32l4xx_hal_tim.o
         6          0          0          0          0       2281   stm32l4xx_hal_tim_ex.o
      1814         72          0          0          0      10161   stm32l4xx_hal_uart.o
         2          0          0          0          0       1048   stm32l4xx_hal_uart_ex.o
        20          0          0          0          0       4046   stm32l4xx_it.o
       112          6          0          0          0        973   sys.o
        68         12         72          4          0       1169   system_stm32l4xx.o
       100         26          0          0         64       2212   timer.o
       306         30          0          6        320       4837   usart.o
      2856       1354         40         28         64       8067   usmart.o
         0          0        576        348          0       1548   usmart_config.o
      1126         20          0          0          0       9639   usmart_str.o
       418         36          0          0         36       3651   wkup.o

    ----------------------------------------------------------------------
     14498       2046      59852        400       3272     962832   Object Totals
         0          0         32          0          0          0   (incl. Generated)
        32          0          0          2          0          0   (incl. Padding)

    ----------------------------------------------------------------------

      Code (inc. data)   RO Data    RW Data    ZI Data      Debug   Library Member Name

        90          0          0          0          0          0   __dczerorl2.o
         8          0          0          0          0         68   __main.o
       398          4         17          0          0         92   __printf_flags_ss_wp.o
        14          0          0          0          0         68   __printf_wp.o
         0          0          0          0          0          0   __rtentry.o
        12          0          0          0          0          0   __rtentry2.o
         6          0          0          0          0          0   __rtentry4.o
        52          8          0          0          0          0   __scatter.o
        28          0          0          0          0          0   __scatter_zi.o
         6          0          0          0          0          0   _printf_c.o
        44          0          0          0          0        108   _printf_char.o
        48          6          0          0          0         96   _printf_char_common.o
        36          4          0          0          0         80   _printf_char_file.o
         6          0          0          0          0          0   _printf_d.o
       120         16          0          0          0         92   _printf_dec.o
        88          4         40          0          0         88   _printf_hex_int.o
       178          0          0          0          0         88   _printf_intcommon.o
        78          0          0          0          0        108   _printf_pad.o
         0          0          0          0          0          0   _printf_percent.o
         4          0          0          0          0          0   _printf_percent_end.o
         6          0          0          0          0          0   _printf_s.o
        82          0          0          0          0         80   _printf_str.o
         6          0          0          0          0          0   _printf_u.o
         6          0          0          0          0          0   _printf_x.o
        18          0          0          0          0         80   exit.o
         8          0          0          0          0         68   ferror.o
         6          0          0          0          0        152   heapauxi.o
         2          0          0          0          0          0   libinit.o
         6          0          0          0          0          0   libinit2.o
         2          0          0          0          0          0   libshutdown.o
         2          0          0          0          0          0   libshutdown2.o
         8          4          0          0         96         68   libspace.o
       238          0          0          0          0        100   lludivv7m.o
        24          4          0          0          0         84   noretval__2printf.o
         2          0          0          0          0          0   rtexit.o
        10          0          0          0          0          0   rtexit2.o
        74          0          0          0          0         80   sys_stackheap_outer.o
         2          0          0          0          0         68   use_no_semi.o
         2          0          0          0          0         68   use_no_semi_2.o
        10          0          0          0          0        116   fpinit.o

    ----------------------------------------------------------------------
      1734         50         60          0         96       1852   Library Totals
         4          0          3          0          0          0   (incl. Padding)

    ----------------------------------------------------------------------

      Code (inc. data)   RO Data    RW Data    ZI Data      Debug   Library Name

      1720         50         57          0         96       1736   c_w.l
        10          0          0          0          0        116   fz_wm.l

    ----------------------------------------------------------------------
      1734         50         60          0         96       1852   Library Totals

    ----------------------------------------------------------------------

==============================================================================


      Code (inc. data)   RO Data    RW Data    ZI Data      Debug   

     16232       2096      59912        400       3368     951352   Grand Totals
     16232       2096      59912        144       3368     951352   ELF Image Totals (compressed)
     16232       2096      59912        144          0          0   ROM Totals

==============================================================================

    Total RO  Size (Code + RO Data)                76144 (  74.36kB)
    Total RW  Size (RW Data + ZI Data)              3768 (   3.68kB)
    Total ROM Size (Code + RO Data + RW Data)      76288 (  74.50kB)

==============================================================================

